Archive member included to satisfy reference by file (symbol)

./build/open_esplibs_libmain.a(timers.o)
                              (--whole-archive)
./build/open_esplibs_libmain.a(spi_flash.o)
                              (--whole-archive)
./build/open_esplibs_libmain.a(os_cpu_a.o)
                              (--whole-archive)
./build/open_esplibs_libmain.a(uart.o)
                              (--whole-archive)
./build/open_esplibs_libmain.a(misc.o)
                              (--whole-archive)
./build/open_esplibs_libmain.a(user_interface.o)
                              (--whole-archive)
./build/open_esplibs_libmain.a(xtensa_context.o)
                              (--whole-archive)
./build/open_esplibs_libnet80211.a(ieee80211_hostap.o)
                              (--whole-archive)
./build/open_esplibs_libnet80211.a(wl_cnx.o)
                              (--whole-archive)
./build/open_esplibs_libnet80211.a(ieee80211_ets.o)
                              (--whole-archive)
./build/open_esplibs_libnet80211.a(ieee80211_input.o)
                              (--whole-archive)
./build/open_esplibs_libnet80211.a(ieee80211_sta.o)
                              (--whole-archive)
./build/open_esplibs_libphy.a(phy_chip_v6.o)
                              (--whole-archive)
./build/open_esplibs_libphy.a(phy.o)
                              (--whole-archive)
./build/open_esplibs_libphy.a(phy_sleep.o)
                              (--whole-archive)
./build/open_esplibs_libpp.a(pm.o)
                              (--whole-archive)
./build/open_esplibs_libpp.a(if_hwctrl.o)
                              (--whole-archive)
./build/open_esplibs_libpp.a(pp.o)
                              (--whole-archive)
./build/open_esplibs_libpp.a(esf_buf.o)
                              (--whole-archive)
./build/open_esplibs_libpp.a(lmac.o)
                              (--whole-archive)
./build/open_esplibs_libpp.a(wdev.o)
                              (--whole-archive)
./build/open_esplibs_libwpa.a(os_xtensa.o)
                              (--whole-archive)
./build/open_esplibs_libwpa.a(wpa_main.o)
                              (--whole-archive)
./build/freertos.a(tasks.o)   ./build/open_esplibs_libmain.a(os_cpu_a.o) (pxCurrentTCB)
./build/freertos.a(timers.o)  ./build/freertos.a(tasks.o) (xTimerCreateTimerTask)
./build/freertos.a(port.o)    ./build/freertos.a(tasks.o) (pxPortInitialiseStack)
./build/freertos.a(queue.o)   ./build/freertos.a(timers.o) (xQueueGenericCreate)
./build/freertos.a(list.o)    ./build/freertos.a(tasks.o) (vListInitialise)
./build/lwip.a(esp_interface.o)
                              ./build/open_esplibs_libnet80211.a(ieee80211_sta.o) (ethernetif_init)
./build/lwip.a(tcpip.o)       ./build/open_esplibs_libnet80211.a(ieee80211_sta.o) (tcpip_input)
./build/lwip.a(dhcp.o)        ./build/open_esplibs_libmain.a(user_interface.o) (dhcp_stop)
./build/lwip.a(init.o)        ./build/lwip.a(tcpip.o) (lwip_init)
./build/lwip.a(memp.o)        ./build/lwip.a(tcpip.o) (memp_sizes)
./build/lwip.a(tcp.o)         ./build/lwip.a(init.o) (tcp_init)
./build/lwip.a(stats.o)       ./build/lwip.a(init.o) (stats_init)
./build/lwip.a(dns.o)         ./build/lwip.a(init.o) (dns_init)
./build/lwip.a(netif.o)       ./build/lwip.a(init.o) (netif_init)
./build/lwip.a(timers.o)      ./build/lwip.a(tcpip.o) (sys_timeout)
./build/lwip.a(pbuf.o)        ./build/lwip.a(esp_interface.o) (pbuf_free)
./build/lwip.a(udp.o)         ./build/lwip.a(init.o) (udp_init)
./build/lwip.a(tcp_out.o)     ./build/lwip.a(tcp.o) (tcp_enqueue_flags)
./build/lwip.a(ip_addr.o)     ./build/lwip.a(udp.o) (ip4_addr_isbroadcast)
./build/lwip.a(ip.o)          ./build/lwip.a(tcp.o) (ip_route)
./build/lwip.a(inet_chksum.o)
                              ./build/lwip.a(udp.o) (inet_chksum_pseudo)
./build/lwip.a(icmp.o)        ./build/lwip.a(ip.o) (icmp_input)
./build/lwip.a(etharp.o)      ./build/lwip.a(timers.o) (etharp_tmr)
./build/lwip.a(sys_arch.o)    ./build/lwip.a(tcpip.o) (sys_mbox_new)
./build/lwip.a(sockets.o)     ./build/lwip.a(init.o) (lwip_socket_init)
./build/lwip.a(raw.o)         ./build/lwip.a(ip.o) (raw_input)
./build/lwip.a(tcp_in.o)      ./build/lwip.a(tcp_out.o) (tcp_input_pcb)
./build/lwip.a(ip_frag.o)     ./build/lwip.a(ip.o) (ip_frag)
./build/lwip.a(netbuf.o)      ./build/lwip.a(sockets.o) (netbuf_delete)
./build/lwip.a(api_lib.o)     ./build/lwip.a(sockets.o) (netconn_new_with_proto_and_callback)
./build/lwip.a(api_msg.o)     ./build/lwip.a(api_lib.o) (do_newconn)
./build/core.a(esp_interrupts.o)
                              ./build/freertos.a(port.o) (_xt_isr_attach)
./build/core.a(app_main.o)    ./build/open_esplibs_libmain.a(user_interface.o) (sdk_user_init_flag)
./build/core.a(sysparam.o)    ./build/core.a(app_main.o) (sysparam_init)
./build/core.a(phy_info.o)    ./build/core.a(app_main.o) (get_default_phy_info)
./build/core.a(esp_hwrand.o)  ./build/core.a(app_main.o) (hwrand)
./build/core.a(debug_dumps.o)
[...]
Memory Configuration

Name             Origin             Length             Attributes
dport0_0_seg     0x000000003ff00000 0x0000000000000010
dram0_0_seg      0x000000003ffe8000 0x0000000000014000
iram1_0_seg      0x0000000040100000 0x0000000000008000
irom0_0_seg      0x0000000040202010 0x00000000000fdff0
*default*        0x0000000000000000 0xffffffffffffffff

Linker script and memory map

LOAD ./build/open_esplibs_libmain.a
LOAD ./build/open_esplibs_libnet80211.a
LOAD ./build/open_esplibs_libphy.a
LOAD ./build/open_esplibs_libpp.a
LOAD ./build/open_esplibs_libwpa.a
START GROUP
LOAD ./build/program.a
LOAD ./build/paho_mqtt_c.a
LOAD ./build/freertos.a
LOAD ./build/lwip.a
LOAD ./build/core.a
LOAD ./build/open_esplibs.a
LOAD ./build/libgcc.a
LOAD ./build/libc.a
LOAD /home/klas/Workspace/Embedded/esp-open-sdk/esp-open-sdk/xtensa-lx106-elf/xtensa-lx106-elf/sysroot/usr/lib/libhal.a
LOAD ./build/sdklib/libmain.a
LOAD ./build/sdklib/libnet80211.a
LOAD ./build/sdklib/libphy.a
LOAD ./build/sdklib/libpp.a
LOAD ./build/sdklib/libwpa.a
END GROUP
                0x0000000040105770                pvPortMalloc = malloc
                0x000000004010578c                vPortFree = free
                0x0000000040100bd8                _lock_acquire = vPortEnterCritical
                0x0000000040100bd8                _lock_acquire_recursive = vPortEnterCritical
                0x0000000040100bd8                _lock_try_acquire = vPortEnterCritical
                0x0000000040100bd8                _lock_try_acquire_recursive = vPortEnterCritical
                0x0000000040100c00                _lock_release = vPortExitCritical
                0x0000000040100c00                _lock_release_recursive = vPortExitCritical
                0x0000000040105ab0                ets_printf = printf
                [!provide]                        PROVIDE (_memmap_vecbase_reset, 0x40000000)
                0x0000000000000110                _memmap_cacheattr_wb_base = 0x110
                0x0000000000000110                _memmap_cacheattr_wt_base = 0x110
                0x0000000000000220                _memmap_cacheattr_bp_base = 0x220
                0x00000000fffff00f                _memmap_cacheattr_unused_mask = 0xfffff00f
                0x000000002222211f                _memmap_cacheattr_wb_trapnull = 0x2222211f
                0x000000002222211f                _memmap_cacheattr_wba_trapnull = 0x2222211f
                0x000000002222211f                _memmap_cacheattr_wbna_trapnull = 0x2222211f
                0x000000002222211f                _memmap_cacheattr_wt_trapnull = 0x2222211f
                0x000000002222222f                _memmap_cacheattr_bp_trapnull = 0x2222222f
                0x00000000fffff11f                _memmap_cacheattr_wb_strict = 0xfffff11f
                0x00000000fffff11f                _memmap_cacheattr_wt_strict = 0xfffff11f
                0x00000000fffff22f                _memmap_cacheattr_bp_strict = 0xfffff22f
                0x0000000022222112                _memmap_cacheattr_wb_allvalid = 0x22222112
                0x0000000022222112                _memmap_cacheattr_wt_allvalid = 0x22222112
                0x0000000022222222                _memmap_cacheattr_bp_allvalid = 0x22222222
                [!provide]                        PROVIDE (_memmap_cacheattr_reset, _memmap_cacheattr_wb_trapnull)

.dport0.rodata  0x000000003ff00000        0x0
                0x000000003ff00000                _dport0_rodata_start = ABSOLUTE (.)
 *(.dport0.rodata)
 *(.dport.rodata)
                0x000000003ff00000                _dport0_rodata_end = ABSOLUTE (.)

.dport0.literal
                0x000000003ff00000        0x0
                0x000000003ff00000                _dport0_literal_start = ABSOLUTE (.)
 *(.dport0.literal)
 *(.dport.literal)
                0x000000003ff00000                _dport0_literal_end = ABSOLUTE (.)

.dport0.data    0x000000003ff00000        0x0
                0x000000003ff00000                _dport0_data_start = ABSOLUTE (.)
 *(.dport0.data)
 *(.dport.data)
                0x000000003ff00000                _dport0_data_end = ABSOLUTE (.)

.text           0x0000000040100000     0x6a66
                0x0000000040100000                _stext = .
                0x0000000040100000                _text_start = ABSOLUTE (.)
                0x0000000040100000                . = ALIGN (0x10)
 *(.vecbase.text)
 .vecbase.text  0x0000000040100000      0x3b2 ./build/core.a(exception_vectors.o)
                0x0000000040100000                VecBase
                0x000000004010023c                call_user_start
                0x000000004010039e                _xt_user_exit
 *(.entry.text)
 *(.init.literal)
 *(.init)
 *(.iram1.*)
 *fill*         0x00000000401003b2        0x2 
 .iram1.text    0x00000000401003b4      0x3a8 ./build/open_esplibs_libmain.a(spi_flash.o)
                                        0x478 (size before relaxing)
                0x00000000401003dc                sdk_SPIReadModeCnfig
                0x000000004010045c                sdk_SPIWrite
                0x000000004010051c                sdk_SPIRead
                0x000000004010054c                sdk_SPIEraseSector
                0x00000000401005ac                sdk_spi_flash_get_id
                0x0000000040100608                sdk_spi_flash_read_status
                0x0000000040100648                sdk_spi_flash_write_status
                0x0000000040100684                sdk_spi_flash_erase_sector
                0x00000000401006b8                sdk_spi_flash_write
                0x0000000040100708                sdk_spi_flash_read
 .iram1.text    0x000000004010075c      0x12d ./build/open_esplibs_libmain.a(os_cpu_a.o)
                                        0x175 (size before relaxing)
                0x0000000040100760                vPortYield
                0x0000000040100798                sdk__xt_int_enter
                0x00000000401007b0                sdk__xt_int_exit
                0x00000000401007e0                sdk__xt_timer_int
                0x000000004010081c                sdk__xt_timer_int1
                0x0000000040100830                sdk__xt_tick_timer_init
                0x000000004010085c                sdk__xt_isr_unmask
                0x000000004010086c                sdk__xt_isr_mask
                0x000000004010087c                sdk__xt_read_ints
                0x0000000040100884                sdk__xt_clear_ints
 *fill*         0x0000000040100889        0x3 
 .iram1.text    0x000000004010088c        0xb ./build/open_esplibs_libmain.a(misc.o)
                0x0000000040100890                sdk_os_get_cpu_frequency
 *fill*         0x0000000040100897        0x1 
 .iram1.text    0x0000000040100898      0x1cd ./build/open_esplibs_libmain.a(user_interface.o)
                                        0x1e8 (size before relaxing)
                0x000000004010089c                sdk_system_rtc_mem_write
                0x0000000040100900                sdk_system_rtc_mem_read
                0x0000000040100974                sdk_system_restart_in_nmi
 *fill*         0x0000000040100a65        0x3 
 .iram1.text    0x0000000040100a68       0x62 ./build/open_esplibs_libnet80211.a(wl_cnx.o)
                0x0000000040100a70                sdk_cnx_node_search
 *fill*         0x0000000040100aca        0x2 
 .iram1.text    0x0000000040100acc       0x5d ./build/open_esplibs_libnet80211.a(ieee80211_input.o)
                0x0000000040100ad8                sdk_ieee80211_deliver_data
 *fill*         0x0000000040100b29        0x3 
 .iram1.text    0x0000000040100b2c       0x5c ./build/open_esplibs_libwpa.a(os_xtensa.o)
                                         0x68 (size before relaxing)
                0x0000000040100b2c                sdk_os_get_time
                0x0000000040100b30                sdk_os_random
                0x0000000040100b40                sdk_os_get_random
 .iram1.text    0x0000000040100b88       0xd7 ./build/freertos.a(port.o)
                                         0xff (size before relaxing)
                0x0000000040100b90                SV_ISR
                0x0000000040100bd8                vPortEnterCritical
                0x0000000040100c00                vPortExitCritical
                0x0000000040100c2c                PendSV
 *fill*         0x0000000040100c5f        0x1 
 .iram1.text    0x0000000040100c60       0xa1 ./build/core.a(esp_interrupts.o)
                                         0xa5 (size before relaxing)
                0x0000000040100c64                _xt_isr_attach
                0x0000000040100c78                _xt_isr_handler
 *fill*         0x0000000040100d01        0x3 
 .iram1.text    0x0000000040100d04      0x2e7 ./build/core.a(app_main.o)
                                        0x32f (size before relaxing)
                0x0000000040100d2c                vApplicationStackOverflowHook
                0x0000000040100d58                vApplicationIdleHook
                0x0000000040100d7c                vApplicationTickHook
                0x0000000040100df0                sdk_user_start
 *fill*         0x0000000040100feb        0x1 
 .iram1.text    0x0000000040100fec        0xe ./build/core.a(esp_hwrand.o)
                                         0x12 (size before relaxing)
                0x0000000040100fec                hwrand
 *fill*         0x0000000040100ffa        0x2 
 .iram1.text    0x0000000040100ffc       0x90 ./build/core.a(debug_dumps.o)
                                         0xa4 (size before relaxing)
                0x000000004010104c                debug_exception_handler
                0x000000004010104c                fatal_exception_handler
                0x000000004010106c                abort
 .iram1.text    0x000000004010108c       0x67 ./build/core.a(spiflash-cache-enable.o)
                                         0x7b (size before relaxing)
                0x000000004010109c                Cache_Read_Enable
 *fill*         0x00000000401010f3        0x1 
 .iram1.text    0x00000000401010f4      0x36f ./build/core.a(spiflash.o)
                                        0x41b (size before relaxing)
                0x0000000040101218                spiflash_write
                0x00000000401012f8                spiflash_read
                0x00000000401013f0                spiflash_erase_sector
 *fill*         0x0000000040101463        0x1 
 .iram1.text    0x0000000040101464       0x1b ./build/core.a(sdk_compat.o)
                0x0000000040101468                zalloc
 *fill*         0x000000004010147f        0x1 
 .iram1.text    0x0000000040101480       0x34 ./build/core.a(newlib_syscalls.o)
                0x000000004010148c                _sbrk_r
 .iram1.text    0x00000000401014b4       0x26 ./build/core.a(esp_iomux.o)
                0x00000000401014b8                gpio_to_iomux
                0x00000000401014cc                iomux_to_gpio
 *fill*         0x00000000401014da        0x0 
 *fill*         0x00000000401014da        0x0 
 *fill*         0x00000000401014da        0x2 
 .iram1.text    0x00000000401014dc       0x3d ./build/open_esplibs_libmain.a(xtensa_context.o)
                0x00000000401014dc                sdk__xt_context_save
                0x00000000401014f8                sdk__xt_context_restore
 *fill*         0x0000000040101519        0x0 
 *fill*         0x0000000040101519        0x0 
 *fill*         0x0000000040101519        0x0 
 *fill*         0x0000000040101519        0x0 
 *fill*         0x0000000040101519        0x0 
 *fill*         0x0000000040101519        0x0 
 *fill*         0x0000000040101519        0x3 
 .iram1.data    0x000000004010151c        0x4 ./build/core.a(debug_dumps.o)
 *fill*         0x0000000040101520        0x0 
 *fill*         0x0000000040101520        0x0 
 *fill*         0x0000000040101520        0x0 
 *fill*         0x0000000040101520        0x0 
 .iram1.data    0x0000000040101520       0x80 ./build/core.a(esp_iomux.o)
 *sdklib*:*(.literal .text .literal.* .text.*)
 .text          0x00000000401015a0       0x90 ./build/sdklib/libmain.a(ets_timer.o)
                                         0xa0 (size before relaxing)
 .text          0x0000000040101630        0xb ./build/sdklib/libnet80211.a(wl_chm.o)
                0x0000000040101634                sdk_chm_get_current_channel
 *fill*         0x000000004010163b        0x1 
 .text          0x000000004010163c       0x4f ./build/sdklib/libphy.a(phy.o)
                                         0x53 (size before relaxing)
                0x0000000040101644                sdk_register_phy_ops
                0x0000000040101664                sdk_phy_change_channel
                0x0000000040101680                sdk_phy_get_mactime
 *fill*         0x000000004010168b        0x1 
 .text          0x000000004010168c       0xf7 ./build/sdklib/libphy.a(phy_sleep.o)
                                        0x103 (size before relaxing)
                0x000000004010169c                sdk_pm_rtc_clock_cali
                0x0000000040101758                sdk_clockgate_watchdog
 *fill*         0x0000000040101783        0x1 
 .text          0x0000000040101784       0x94 ./build/sdklib/libpp.a(esf_buf.o)
                                         0xb4 (size before relaxing)
                0x0000000040101788                sdk_esf_rx_buf_alloc
 .text          0x0000000040101818     0x14e0 ./build/sdklib/libpp.a(lmac.o)
                                       0x187c (size before relaxing)
                0x000000004010181c                sdk_lmacIsActive
                0x0000000040101830                sdk_lmacIsIdle
                0x0000000040101c78                sdk_lmacSetAcParam
                0x0000000040101d14                sdk_lmacProcessTXStartData
                0x0000000040101ebc                sdk_lmacProcessTxSuccess
                0x0000000040102004                sdk_GetAccess
                0x0000000040102010                sdk_lmacDiscardAgedMSDU
                0x0000000040102024                sdk_lmacRecycleMPDU
                0x0000000040102504                sdk_lmacProcessCollisions
                0x0000000040102560                sdk_lmacProcessCollision
                0x00000000401025e4                sdk_lmacMSDUAged
                0x0000000040102968                sdk_lmacProcessCtsTimeout
                0x00000000401029b0                sdk_lmacProcessAckTimeout
                0x0000000040102a04                sdk_lmacProcessRtsStart
                0x0000000040102a10                sdk_lmacProcessTxRtsError
                0x0000000040102aa8                sdk_lmacProcessTxError
                0x0000000040102b2c                sdk_lmacTxFrame
                0x0000000040102ce0                sdk_lmacRxDone
 .text          0x0000000040102cf8      0xe6c ./build/sdklib/libpp.a(pp.o)
                                       0x103c (size before relaxing)
                0x0000000040102d28                sdk_pp_soft_wdt_feed
                0x0000000040102e3c                sdk_ppProcessTxQ
                0x0000000040102f2c                sdk_ppFetchTxQFirstAvail
                0x0000000040102f6c                sdk_ppDequeueTxQ
                0x0000000040102f94                sdk_ppRollBackTxQ
                0x0000000040102fb8                sdk_ppRecordBarRRC
                0x0000000040102fc8                sdk_ppTxqUpdateBitmap
                0x0000000040102fec                sdk_ppEnqueueTxDone
                0x0000000040103020                sdk_ppEnqueueRxq
                0x00000000401037e8                sdk_ppDiscardMPDU
                0x0000000040103818                sdk_MacIsrSigPostDefHdl
                0x000000004010390c                sdk_pp_post
                0x0000000040103a10                sdk_ppCalTxop
                0x0000000040103af4                sdk_ppCalFrameTimes
 .text          0x0000000040103b64       0xf5 ./build/sdklib/libpp.a(rate_control.o)
                                        0x109 (size before relaxing)
                0x0000000040103b84                sdk_RC_GetAckRate
                0x0000000040103b90                sdk_RC_GetRtsRate
                0x0000000040103ba0                sdk_RC_GetAckTime
                0x0000000040103bb4                sdk_RC_GetCtsTime
                0x0000000040103bec                sdk_RC_GetBlockAckTime
 *fill*         0x0000000040103c59        0x3 
 .text          0x0000000040103c5c      0x7f9 ./build/sdklib/libpp.a(trc.o)
                                        0x81d (size before relaxing)
                0x0000000040103dd4                sdk_rcUpdateTxDone
                0x0000000040103e68                sdk_rcUpdateRxDone
                0x0000000040103ec4                sdk_rcUpdateDataRxDone
                0x0000000040103edc                sdk_rcGetSched
                0x0000000040103f84                sdk_rcGetRate
                0x0000000040104388                sdk_rcReachRetryLimit
                0x00000000401043a0                sdk_trc_NeedRTS
 *fill*         0x0000000040104455        0x3 
 .text          0x0000000040104458     0x1163 ./build/sdklib/libpp.a(wdev.o)
                                       0x1473 (size before relaxing)
                0x00000000401047ac                sdk_wDev_MacTimSetFunc
                0x00000000401047cc                sdk_wDev_MacTimArm
                0x0000000040104870                sdk_wDev_MacTim1Arm
                0x000000004010494c                sdk_wDev_ProcessFiq
                0x0000000040104cf0                sdk_wDev_EnableTransmit
                0x0000000040104d34                sdk_wDev_DisableTransmit
                0x0000000040104d54                sdk_Tx_Copy2Queue
                0x0000000040104d9c                sdk_wDev_ProcessCollision
                0x0000000040104dc0                sdk_wDev_GetTxqCollisions
                0x0000000040104dd0                sdk_wDev_ClearTxqCollisions
                0x0000000040104de8                sdk_wDev_SetWaitingQueue
                0x0000000040104e34                sdk_wDev_ClearWaitingQueue
                0x0000000040104e54                sdk_wDev_SetFrameAckType
                0x0000000040104eb8                sdk_wDev_AppendRxBlocks
                0x0000000040105060                sdk_wDev_AppendRxAmpduLensBlocks
                0x0000000040105198                sdk_wDev_GetBAInfo
 *fill*         0x00000000401055bb        0x1 
 .text          0x00000000401055bc       0x25 ./build/sdklib/libnet80211.a(ieee80211_hostap.o)
 *fill*         0x00000000401055e1        0x0 
 *fill*         0x00000000401055e1        0x0 
 *fill*         0x00000000401055e1        0x3 
 .text          0x00000000401055e4        0x2 ./build/sdklib/libphy.a(phy_chip_v6.o)
                0x00000000401055e4                sdk_ram_tx_mac_disable
 *fill*         0x00000000401055e6        0x0 
 *fill*         0x00000000401055e6        0x0 
 *fill*         0x00000000401055e6        0x0 
 *fill*         0x00000000401055e6        0x0 
 *fill*         0x00000000401055e6        0x2 
 .text          0x00000000401055e8       0x11 ./build/sdklib/libwpa.a(wpa_auth.o)
 *libgcc.a:*i3.o(.literal .text .literal.* .text.*)
 *fill*         0x00000000401055f9        0x3 
 .text          0x00000000401055fc       0x4c ./build/libgcc.a(_udivsi3.o)
                0x00000000401055fc                __udivsi3
 .text          0x0000000040105648       0x49 ./build/libgcc.a(_modsi3.o)
                0x0000000040105648                __modsi3
 *fill*         0x0000000040105691        0x3 
 .text          0x0000000040105694       0x18 ./build/libgcc.a(_ashrdi3.o)
                0x0000000040105694                __ashrdi3
 *libc.a:*malloc.o(.literal .text .literal.* .text.*)
 .literal       0x00000000401056ac        0x4 ./build/libc.a(lib_a-malloc.o)
                                         0x10 (size before relaxing)
 .literal       0x00000000401056b0        0x8 ./build/libc.a(lib_a-nano-mallocr.o)
                                         0x20 (size before relaxing)
 .literal       0x00000000401056b8        0x0 ./build/libc.a(lib_a-nano-freer.o)
                                          0xc (size before relaxing)
 .literal       0x00000000401056b8       0x28 ./build/libc.a(lib_a-rand.o)
                                         0x58 (size before relaxing)
 .literal       0x00000000401056e0        0x4 ./build/libc.a(lib_a-mlock.o)
                                         0x10 (size before relaxing)
 .literal       0x00000000401056e4        0x0 ./build/libc.a(lib_a-printf.o)
                                         0x14 (size before relaxing)
 .literal       0x00000000401056e4        0x0 ./build/libc.a(lib_a-sprintf.o)
                                         0x14 (size before relaxing)
 .literal       0x00000000401056e4        0x0 ./build/libc.a(lib_a-fprintf.o)
                                          0xc (size before relaxing)
 .literal       0x00000000401056e4       0x24 ./build/libc.a(lib_a-nano-svfprintf.o)
                                         0x54 (size before relaxing)
 .literal       0x0000000040105708       0x28 ./build/libc.a(lib_a-nano-vfprintf.o)
                                         0x60 (size before relaxing)
 .literal       0x0000000040105730        0x0 ./build/libc.a(lib_a-snprintf.o)
                                          0xc (size before relaxing)
 .literal       0x0000000040105730       0x38 ./build/libc.a(lib_a-findfp.o)
                                         0x80 (size before relaxing)
 .literal       0x0000000040105768        0x8 ./build/libc.a(lib_a-fputwc.o)
                                         0x2c (size before relaxing)
 .text          0x0000000040105770       0x35 ./build/libc.a(lib_a-malloc.o)
                0x0000000040105770                malloc
                0x000000004010578c                free
 *libc.a:*mallocr.o(.literal .text .literal.* .text.*)
 *fill*         0x00000000401057a5        0x3 
 .text          0x00000000401057a8       0xed ./build/libc.a(lib_a-nano-mallocr.o)
                                         0xf1 (size before relaxing)
                0x00000000401057a8                _malloc_r
 *fill*         0x0000000040105895        0x0 
 *libc.a:*freer.o(.literal .text .literal.* .text.*)
 *fill*         0x0000000040105895        0x3 
 .text          0x0000000040105898       0xb1 ./build/libc.a(lib_a-nano-freer.o)
                0x0000000040105898                _free_r
 *fill*         0x0000000040105949        0x0 
 *libc.a:*memcpy.o(.literal .text .literal.* .text.*)
 *libc.a:*memset.o(.literal .text .literal.* .text.*)
 *libc.a:*memcmp.o(.literal .text .literal.* .text.*)
 *libc.a:*memmove.o(.literal .text .literal.* .text.*)
 *libc.a:*rand.o(.literal .text .literal.* .text.*)
 *fill*         0x0000000040105949        0x3 
 .text          0x000000004010594c       0xdd ./build/libc.a(lib_a-rand.o)
                                         0xe1 (size before relaxing)
                0x000000004010594c                srand
                0x00000000401059b0                rand
 *fill*         0x0000000040105a29        0x0 
 *libc.a:*bzero.o(.literal .text .literal.* .text.*)
 *libc.a:*lock.o(.literal .text .literal.* .text.*)
 *fill*         0x0000000040105a29        0x3 
 .text          0x0000000040105a2c       0x2d ./build/libc.a(lib_a-mlock.o)
                0x0000000040105a2c                __malloc_lock
                0x0000000040105a44                __malloc_unlock
 *fill*         0x0000000040105a59        0x3 
 .text          0x0000000040105a5c        0x8 ./build/libc.a(lock.o)
                0x0000000040105a5c                _lock_close_recursive
                0x0000000040105a5c                __dummy_lock
                0x0000000040105a5c                _lock_init_recursive
                0x0000000040105a5c                _lock_close
                0x0000000040105a5c                _lock_init
                0x0000000040105a60                __dummy_lock_try
 *libc.a:*printf.o(.literal .text .literal.* .text.*)
 .text          0x0000000040105a64       0x99 ./build/libc.a(lib_a-printf.o)
                0x0000000040105a64                _printf_r
                0x0000000040105a64                _iprintf_r
                0x0000000040105ab0                printf
                0x0000000040105ab0                iprintf
 *fill*         0x0000000040105afd        0x3 
 .text          0x0000000040105b00       0xb5 ./build/libc.a(lib_a-sprintf.o)
                                         0xb9 (size before relaxing)
                0x0000000040105b00                _siprintf_r
                0x0000000040105b00                _sprintf_r
                0x0000000040105b58                sprintf
                0x0000000040105b58                siprintf
 *fill*         0x0000000040105bb5        0x3 
 .text          0x0000000040105bb8       0x57 ./build/libc.a(lib_a-fprintf.o)
                                         0x5b (size before relaxing)
                0x0000000040105bb8                _fprintf_r
                0x0000000040105bb8                _fiprintf_r
                0x0000000040105bdc                fprintf
                0x0000000040105bdc                fiprintf
 *fill*         0x0000000040105c0f        0x1 
 .text          0x0000000040105c10      0x4b5 ./build/libc.a(lib_a-nano-svfprintf.o)
                0x0000000040105c10                __ssputs_r
                0x0000000040105d0c                __ssprint_r
                0x0000000040105e40                _svfprintf_r
                0x0000000040105e40                _svfiprintf_r
 *fill*         0x00000000401060c5        0x3 
 .text          0x00000000401060c8      0x447 ./build/libc.a(lib_a-nano-vfprintf.o)
                                        0x44b (size before relaxing)
                0x0000000040106100                __sfputs_r
                0x0000000040106170                __sprint_r
                0x0000000040106200                _vfiprintf_r
                0x0000000040106200                _vfprintf_r
                0x00000000401064e8                vfiprintf
                0x00000000401064e8                vfprintf
 *fill*         0x000000004010650f        0x1 
 .text          0x0000000040106510      0x10c ./build/libc.a(lib_a-snprintf.o)
                0x0000000040106510                _sniprintf_r
                0x0000000040106510                _snprintf_r
                0x0000000040106594                snprintf
                0x0000000040106594                sniprintf
 *fill*         0x000000004010661c        0x0 
 *fill*         0x000000004010661c        0x0 
 *fill*         0x000000004010661c        0x0 
 *fill*         0x000000004010661c        0x0 
 *fill*         0x000000004010661c        0x0 
 *fill*         0x000000004010661c        0x0 
 *libc.a:*findfp.o(.literal .text .literal.* .text.*)
 .text          0x000000004010661c      0x2b2 ./build/libc.a(lib_a-findfp.o)
                                        0x2c6 (size before relaxing)
                0x000000004010661c                _cleanup_r
                0x00000000401066b8                __sfmoreglue
                0x0000000040106700                _cleanup
                0x0000000040106714                __sfp_lock_acquire
                0x000000004010672c                __sfp_lock_release
                0x0000000040106744                __sinit_lock_acquire
                0x000000004010675c                __sinit_lock_release
                0x0000000040106774                __sinit
                0x00000000401067e4                __sfp
                0x0000000040106890                __fp_lock_all
                0x00000000401068b0                __fp_unlock_all
 *libc.a:*fputwc.o(.literal .text .literal.* .text.*)
 *fill*         0x00000000401068ce        0x2 
 .text          0x00000000401068d0      0x196 ./build/libc.a(lib_a-fputwc.o)
                                        0x19e (size before relaxing)
                0x00000000401068d0                __fputwc
                0x00000000401069a0                _fputwc_r
                0x0000000040106a10                fputwc
 *fill*         0x0000000040106a66        0x0 
 *(.stub .gnu.warning .gnu.linkonce.literal.* .gnu.linkonce.t.*.literal .gnu.linkonce.t.*)
 *(.fini.literal)
 *(.fini)
 *(.gnu.version)
                0x0000000040106a66                _text_end = ABSOLUTE (.)
                0x0000000040106a66                _etext = .

.data           0x000000003ffe8000      0x898
                0x000000003ffe8000                _data_start = ABSOLUTE (.)
 *(.data)
 .data          0x000000003ffe8000        0x8 ./build/core.a(spiflash-cache-enable.o)
                0x000000003ffe8000                rboot_megabyte
 .data          0x000000003ffe8008       0xf4 ./build/libc.a(lib_a-impure.o)
                0x000000003ffe8008                _impure_ptr
 .data          0x000000003ffe80fc        0x4 ./build/libc.a(lib_a-ctype_.o)
                0x000000003ffe80fc                __ctype_ptr__
 .data          0x000000003ffe8100       0x7c ./build/libc.a(lib_a-locale.o)
                0x000000003ffe8178                __mb_cur_max
 .data          0x000000003ffe817c        0x4 ./build/libc.a(lib_a-wctomb_r.o)
                0x000000003ffe817c                __wctomb
 .data          0x000000003ffe8180        0x1 ./build/sdklib/libmain.a(user_interface.o)
 *fill*         0x000000003ffe8181        0x3 
 .data          0x000000003ffe8184      0x1a8 ./build/sdklib/libnet80211.a(ieee80211_phy.o)
 *fill*         0x000000003ffe832c        0x4 
 .data          0x000000003ffe8330        0x6 ./build/sdklib/libnet80211.a(ieee80211_proto.o)
                0x000000003ffe8330                sdk_ieee80211_addr_bcast
 *fill*         0x000000003ffe8336        0x2 
 .data          0x000000003ffe8338       0x1c ./build/sdklib/libnet80211.a(ieee80211_action.o)
 *fill*         0x000000003ffe8354        0xc 
 .data          0x000000003ffe8360       0x53 ./build/sdklib/libphy.a(phy_chip_v6.o)
                0x000000003ffe8362                sdk_tx_rf_ana_gain
                0x000000003ffe8384                sdk_tx_pwctrl_atten_init_en
                0x000000003ffe8390                sdk_rx_gain_swp
                0x000000003ffe83b0                sdk_test_rffreq_txcap
 *fill*         0x000000003ffe83b3        0xd 
 .data          0x000000003ffe83c0       0x90 ./build/sdklib/libphy.a(phy_chip_v6_cal.o)
                0x000000003ffe83c0                sdk_dpd_index
                0x000000003ffe8420                sdk_dpd_db2linear
 .data          0x000000003ffe8450        0x4 ./build/sdklib/libphy.a(phy_sleep.o)
                0x000000003ffe8450                sdk_chip_version
 .data          0x000000003ffe8454      0x11c ./build/sdklib/libphy.a(phy_chip_v5_romfunc.o)
                0x000000003ffe8454                sdk_g_phyFuns
                0x000000003ffe8458                sdk_g_phyFuns_instance
 .data          0x000000003ffe8570        0x7 ./build/sdklib/libphy.a(phy_chip_v5_cal_romfunc.o)
 *fill*         0x000000003ffe8577        0x1 
 .data          0x000000003ffe8578        0x1 ./build/sdklib/libpp.a(pm.o)
 *fill*         0x000000003ffe8579        0x3 
 .data          0x000000003ffe857c       0x10 ./build/sdklib/libpp.a(pp.o)
                0x000000003ffe857c                sdk_NoiseTimerInterval
                0x000000003ffe8584                sdk_sleep_start_wait_time
 *fill*         0x000000003ffe858c        0x4 
 .data          0x000000003ffe8590       0x40 ./build/sdklib/libpp.a(rate_control.o)
 .data          0x000000003ffe85d0      0x22c ./build/sdklib/libpp.a(trc.o)
 *fill*         0x000000003ffe87fc        0x4 
 .data          0x000000003ffe8800       0x10 ./build/sdklib/libpp.a(wdev.o)
 .data          0x000000003ffe8810       0x18 ./build/sdklib/libnet80211.a(ieee80211_crypto_ccmp.o)
                0x000000003ffe8810                sdk_ccmp
 .data          0x000000003ffe8828       0x18 ./build/sdklib/libnet80211.a(ieee80211_crypto_tkip.o)
                0x000000003ffe8828                sdk_tkip
 .data          0x000000003ffe8840       0x18 ./build/sdklib/libnet80211.a(ieee80211_crypto_wep.o)
                0x000000003ffe8840                sdk_wep
 *(.data.*)
 .data.sdk_flashchip
                0x000000003ffe8858       0x18 ./build/open_esplibs_libmain.a(spi_flash.o)
                0x000000003ffe8858                sdk_flashchip
 .data.cpu_freq
                0x000000003ffe8870        0x4 ./build/open_esplibs_libmain.a(misc.o)
 .data.sdk_dhcpc_flag
                0x000000003ffe8874        0x4 ./build/open_esplibs_libmain.a(user_interface.o)
                0x000000003ffe8874                sdk_dhcpc_flag
 .data.xid$3738
                0x000000003ffe8878        0x4 ./build/lwip.a(dhcp.o)
 .data.iss$4763
                0x000000003ffe887c        0x4 ./build/lwip.a(tcp.o)
 .data.tcp_port
                0x000000003ffe8880        0x2 ./build/lwip.a(tcp.o)
 .data.udp_port
                0x000000003ffe8882        0x2 ./build/lwip.a(udp.o)
 .data.lamp_g   0x000000003ffe8884        0xc ./build/program.a(rgbw.o)
                0x000000003ffe8884                lamp_g
 .data.pwm_pin_g
                0x000000003ffe8890        0x4 ./build/program.a(rgbw.o)
 .data.current_stdout_write_r
                0x000000003ffe8894        0x4 ./build/core.a(newlib_syscalls.o)
 *(.gnu.linkonce.d.*)
 *(.data1)
 *(.sdata)
 *(.sdata.*)
 *(.gnu.linkonce.s.*)
 *(.sdata2)
 *(.sdata2.*)
 *(.gnu.linkonce.s2.*)
 *(.jcr)
                0x000000003ffe8898                _data_end = ABSOLUTE (.)

.rodata         0x000000003ffe8898      0x7cc
                0x000000003ffe8898                _rodata_start = ABSOLUTE (.)
 *core.a:*(.rodata.* .rodata)
 .rodata.str1.4
                0x000000003ffe8898      0x19f ./build/core.a(app_main.o)
 *fill*         0x000000003ffe8a37        0x1 
 .rodata.CSWTCH$28
                0x000000003ffe8a38       0x10 ./build/core.a(app_main.o)
 .rodata.CSWTCH$27
                0x000000003ffe8a48       0x40 ./build/core.a(app_main.o)
 .rodata.str1.4
                0x000000003ffe8a88      0x1cc ./build/core.a(debug_dumps.o)
 .rodata        0x000000003ffe8c54       0x1c ./build/core.a(exception_vectors.o)
 *libc.a:*.o(.rodata.* .rodata)
 .rodata        0x000000003ffe8c70        0x4 ./build/libc.a(lib_a-impure.o)
                0x000000003ffe8c70                _global_impure_ptr
 .rodata.str1.1
                0x000000003ffe8c74        0x2 ./build/libc.a(lib_a-impure.o)
 .rodata.str1.1
                0x000000003ffe8c76       0x21 ./build/libc.a(lib_a-mstats.o)
 .rodata.str1.1
                0x000000003ffe8c97       0x4b ./build/libc.a(lib_a-nano-mallstatsr.o)
 .rodata.str1.1
                0x000000003ffe8ce2       0x12 ./build/libc.a(lib_a-nano-vfprintf_float.o)
 .rodata.str1.1
                0x000000003ffe8cf4       0x22 ./build/libc.a(lib_a-nano-vfprintf_i.o)
 .rodata.str1.1
                0x000000003ffe8d16        0x5 ./build/libc.a(lib_a-nano-vfscanf_float.o)
 .rodata.str1.1
                0x000000003ffe8d1b        0x5 ./build/libc.a(lib_a-puts.o)
                                          0x2 (size before relaxing)
 .rodata.str1.1
                0x000000003ffe8d1b        0x5 ./build/libc.a(lib_a-strtod.o)
                                          0xc (size before relaxing)
 *fill*         0x000000003ffe8d1b        0x5 
 .rodata        0x000000003ffe8d20       0x70 ./build/libc.a(lib_a-strtod.o)
 .rodata        0x000000003ffe8d90      0x101 ./build/libc.a(lib_a-ctype_.o)
                0x000000003ffe8d90                _ctype_
 .rodata.str1.1
                0x000000003ffe8e91        0xd ./build/libc.a(lib_a-dtoa.o)
                                          0xf (size before relaxing)
 *fill*         0x000000003ffe8e9e        0x2 
 .rodata        0x000000003ffe8ea0       0x60 ./build/libc.a(lib_a-findfp.o)
                0x000000003ffe8ea0                __sf_fake_stderr
                0x000000003ffe8ec0                __sf_fake_stdout
                0x000000003ffe8ee0                __sf_fake_stdin
 .rodata.str1.1
                0x000000003ffe8f00        0x8 ./build/libc.a(lib_a-locale.o)
                                          0xb (size before relaxing)
 .rodata        0x000000003ffe8f08      0x128 ./build/libc.a(lib_a-mprec.o)
                0x000000003ffe8f18                __mprec_tinytens
                0x000000003ffe8f40                __mprec_bigtens
                0x000000003ffe8f68                __mprec_tens
 .rodata.str1.1
                0x000000003ffe9030       0x11 ./build/libc.a(lib_a-nano-svfprintf.o)
 .rodata.str1.1
                0x000000003ffe9041       0x11 ./build/libc.a(lib_a-nano-vfprintf.o)
 *freertos.a:*(.rodata.* .rodata)
 *fill*         0x000000003ffe9041        0x3 
 .rodata.str1.4
                0x000000003ffe9044        0x5 ./build/freertos.a(tasks.o)
 *fill*         0x000000003ffe9049        0x3 
 .rodata.str1.4
                0x000000003ffe904c        0x8 ./build/freertos.a(timers.o)
 *libmain.a:spi_flash.o(.rodata.* .rodata)
 *libpp.a:wdev.o(.rodata.* .rodata)
 .rodata.str1.4
                0x000000003ffe9054       0x10 ./build/sdklib/libpp.a(wdev.o)
                                          0xf (size before relaxing)
                0x000000003ffe9064                _rodata_end = ABSOLUTE (.)

.bss            0x000000003ffe9068     0x8448
                0x000000003ffe9068                . = ALIGN (0x8)
                0x000000003ffe9068                _bss_start = ABSOLUTE (.)
 *(.dynsbss)
 *(.sbss)
 *(.sbss.*)
 *(.gnu.linkonce.sb.*)
 *(.scommon)
 *(.sbss2)
 *(.sbss2.*)
 *(.gnu.linkonce.sb2.*)
 *(.dynbss)
 *(.bss)
 *fill*         0x000000003ffe9068        0x8 
 .bss           0x000000003ffe9070      0x228 ./build/core.a(exception_vectors.o)
                0x000000003ffe9284                debug_saved_ctx
 .bss           0x000000003ffe9298       0x28 ./build/libc.a(lib_a-nano-mallinfor.o)
                0x000000003ffe9298                __malloc_current_mallinfo
 .bss           0x000000003ffe92c0        0x8 ./build/libc.a(lib_a-nano-mallocr.o)
                0x000000003ffe92c0                __malloc_sbrk_start
                0x000000003ffe92c4                __malloc_free_list
 .bss           0x000000003ffe92c8        0x8 ./build/libc.a(lib_a-findfp.o)
 .bss           0x000000003ffe92d0        0x4 ./build/libc.a(lib_a-mlock.o)
 *fill*         0x000000003ffe92d4        0xc 
 .bss           0x000000003ffe92e0       0x40 ./build/sdklib/libmain.a(ets_timer.o)
                0x000000003ffe92e8                sdk_debug_timer
                0x000000003ffe92ec                sdk_debug_timerfn
 .bss           0x000000003ffe9320      0x131 ./build/sdklib/libmain.a(user_interface.o)
 *fill*         0x000000003ffe9451        0x3 
 .bss           0x000000003ffe9454      0x54c ./build/sdklib/libnet80211.a(ieee80211.o)
                0x000000003ffe9454                sdk_g_ic
                0x000000003ffe999c                sdk_xieee80211Queue
 .bss           0x000000003ffe99a0       0x28 ./build/sdklib/libnet80211.a(ieee80211_hostap.o)
                0x000000003ffe99c0                sdk_TmpSTAAPCloseAP
                0x000000003ffe99c1                sdk_PendFreeBcnEb
 .bss           0x000000003ffe99c8       0xe4 ./build/sdklib/libnet80211.a(ieee80211_scan.o)
                0x000000003ffe99c8                sdk_gScanStruct
                0x000000003ffe9a8c                sdk_auth_type
                0x000000003ffe9a8e                sdk_scannum
 .bss           0x000000003ffe9aac       0x44 ./build/sdklib/libnet80211.a(wl_chm.o)
 .bss           0x000000003ffe9af0      0x780 ./build/sdklib/libnet80211.a(wl_cnx.o)
 .bss           0x000000003ffea270        0x4 ./build/sdklib/libphy.a(phy.o)
 *fill*         0x000000003ffea274        0xc 
 .bss           0x000000003ffea280      0x38b ./build/sdklib/libphy.a(phy_chip_v6.o)
                0x000000003ffea280                sdk_rxiq_compute_num
                0x000000003ffea284                sdk_rxdc_init_flag
                0x000000003ffea288                sdk_check_result
                0x000000003ffea28c                sdk_chip6_sleep_params
                0x000000003ffea464                sdk_chip6_phy_init_ctrl
                0x000000003ffea4d2                sdk_phy_freq_offset
                0x000000003ffea4d4                sdk_do_pwctrl_flag
                0x000000003ffea4d5                sdk_pwctrl_debug
                0x000000003ffea4d6                sdk_txbk_dpdby_flag
                0x000000003ffea4d8                sdk_sw_scan_mode
                0x000000003ffea4ec                sdk_periodic_cal_dc_num
                0x000000003ffea4f0                sdk_periodic_cal_flag
                0x000000003ffea4f1                sdk_bbpll_cal_flag
                0x000000003ffea4f2                sdk_deep_sleep_en
                0x000000003ffea4f8                sdk_noise_array
                0x000000003ffea600                sdk_tx_pwctrl_atten_init
 *fill*         0x000000003ffea60b        0x1 
 .bss           0x000000003ffea60c        0x6 ./build/sdklib/libphy.a(phy_chip_v6_cal.o)
                0x000000003ffea60c                sdk_loop_pwctrl_pwdet_error_accum_high_power
                0x000000003ffea60e                sdk_tx_pwctrl_pk_num
                0x000000003ffea60f                sdk_loop_pwctrl_correct_atten_high_power
                0x000000003ffea610                sdk_tx_pwctrl_set_chan_flag
                0x000000003ffea611                sdk_rxiq_cover_fail_num
 *fill*         0x000000003ffea612        0x2 
 .bss           0x000000003ffea614        0x4 ./build/sdklib/libphy.a(phy_sleep.o)
                0x000000003ffea614                sdk_periodic_cal_sat
                0x000000003ffea615                sdk_software_slp_reject
                0x000000003ffea616                sdk_SDIO_slp_reject
                0x000000003ffea617                sdk_hardware_reject
 *fill*         0x000000003ffea618        0x8 
 .bss           0x000000003ffea620     0x11e8 ./build/sdklib/libpp.a(esf_buf.o)
 *fill*         0x000000003ffeb808        0x8 
 .bss           0x000000003ffeb810       0x30 ./build/sdklib/libpp.a(if_hwctrl.o)
                0x000000003ffeb810                sdk_interface_mask
                0x000000003ffeb820                sdk_if_ctrl
 .bss           0x000000003ffeb840      0x150 ./build/sdklib/libpp.a(lmac.o)
                0x000000003ffeb844                sdk_lmacConfMib
 .bss           0x000000003ffeb990      0x149 ./build/sdklib/libpp.a(pm.o)
 *fill*         0x000000003ffebad9        0x7 
 .bss           0x000000003ffebae0      0x352 ./build/sdklib/libpp.a(pp.o)
                0x000000003ffebb08                sdk_pend_flag_noise_check
                0x000000003ffebb10                sdk_pend_flag_periodic_cal
                0x000000003ffebb34                sdk_dbg_stop_sw_wdt
                0x000000003ffebb35                sdk_dbg_stop_hw_wdt
 *fill*         0x000000003ffebe32        0xe 
 .bss           0x000000003ffebe40      0x100 ./build/sdklib/libpp.a(rate_control.o)
 .bss           0x000000003ffebf40      0x268 ./build/sdklib/libpp.a(trc.o)
 *fill*         0x000000003ffec1a8        0x8 
 .bss           0x000000003ffec1b0     0x4721 ./build/sdklib/libpp.a(wdev.o)
                0x000000003ffec1b0                sdk_wDevCtrl
                0x000000003ffec354                sdk_NMIIrqIsOn
                0x000000003ffec358                sdk_WdevTimOffSet
 *fill*         0x000000003fff08d1        0xf 
 .bss           0x000000003fff08e0      0x27a ./build/sdklib/libwpa.a(wpa.o)
 *fill*         0x000000003fff0b5a        0x6 
 .bss           0x000000003fff0b60       0xb0 ./build/sdklib/libwpa.a(aes-internal-dec.o)
 .bss           0x000000003fff0c10        0x8 ./build/sdklib/libnet80211.a(ieee80211_crypto_tkip.o)
 *(.bss.*)
 .bss.armed_timer_count
                0x000000003fff0c18        0x1 ./build/open_esplibs_libmain.a(timers.o)
 *fill*         0x000000003fff0c19        0x3 
 .bss.timer_list
                0x000000003fff0c1c        0x4 ./build/open_esplibs_libmain.a(timers.o)
 .bss.uxSchedulerSuspended
                0x000000003fff0c20        0x4 ./build/freertos.a(tasks.o)
 .bss.xIdleTaskHandle
                0x000000003fff0c24        0x4 ./build/freertos.a(tasks.o)
 .bss.xNextTaskUnblockTime
                0x000000003fff0c28        0x4 ./build/freertos.a(tasks.o)
 .bss.uxTaskNumber
                0x000000003fff0c2c        0x4 ./build/freertos.a(tasks.o)
 .bss.xNumOfOverflows
                0x000000003fff0c30        0x4 ./build/freertos.a(tasks.o)
 .bss.xYieldPending
                0x000000003fff0c34        0x4 ./build/freertos.a(tasks.o)
 .bss.uxPendedTicks
                0x000000003fff0c38        0x4 ./build/freertos.a(tasks.o)
 .bss.xSchedulerRunning
                0x000000003fff0c3c        0x4 ./build/freertos.a(tasks.o)
 .bss.uxTopReadyPriority
                0x000000003fff0c40        0x4 ./build/freertos.a(tasks.o)
 .bss.xTickCount
                0x000000003fff0c44        0x4 ./build/freertos.a(tasks.o)
 .bss.uxCurrentNumberOfTasks
                0x000000003fff0c48        0x4 ./build/freertos.a(tasks.o)
 .bss.xSuspendedTaskList
                0x000000003fff0c4c       0x14 ./build/freertos.a(tasks.o)
 .bss.uxDeletedTasksWaitingCleanUp
                0x000000003fff0c60        0x4 ./build/freertos.a(tasks.o)
 .bss.xTasksWaitingTermination
                0x000000003fff0c64       0x14 ./build/freertos.a(tasks.o)
 .bss.xPendingReadyList
                0x000000003fff0c78       0x14 ./build/freertos.a(tasks.o)
 .bss.pxOverflowDelayedTaskList
                0x000000003fff0c8c        0x4 ./build/freertos.a(tasks.o)
 .bss.pxDelayedTaskList
                0x000000003fff0c90        0x4 ./build/freertos.a(tasks.o)
 .bss.xDelayedTaskList2
                0x000000003fff0c94       0x14 ./build/freertos.a(tasks.o)
 .bss.xDelayedTaskList1
                0x000000003fff0ca8       0x14 ./build/freertos.a(tasks.o)
 .bss.pxReadyTasksLists
                0x000000003fff0cbc      0x12c ./build/freertos.a(tasks.o)
 .bss.pxCurrentTCB
                0x000000003fff0de8        0x4 ./build/freertos.a(tasks.o)
                0x000000003fff0de8                pxCurrentTCB
 .bss.xLastTime$3406
                0x000000003fff0dec        0x4 ./build/freertos.a(timers.o)
 .bss.xTimerTaskHandle
                0x000000003fff0df0        0x4 ./build/freertos.a(timers.o)
 .bss.xTimerQueue
                0x000000003fff0df4        0x4 ./build/freertos.a(timers.o)
 .bss.pxOverflowTimerList
                0x000000003fff0df8        0x4 ./build/freertos.a(timers.o)
 .bss.pxCurrentTimerList
                0x000000003fff0dfc        0x4 ./build/freertos.a(timers.o)
 .bss.xActiveTimerList2
                0x000000003fff0e00       0x14 ./build/freertos.a(timers.o)
 .bss.xActiveTimerList1
                0x000000003fff0e14       0x14 ./build/freertos.a(timers.o)
 .bss.uxCriticalNesting
                0x000000003fff0e28        0x4 ./build/freertos.a(port.o)
 .bss.pending_maclayer_sv
                0x000000003fff0e2c        0x4 ./build/freertos.a(port.o)
 .bss.pending_soft_sv
                0x000000003fff0e30        0x4 ./build/freertos.a(port.o)
 .bss.mbox      0x000000003fff0e34        0x4 ./build/lwip.a(tcpip.o)
 .bss.tcpip_init_done_arg
                0x000000003fff0e38        0x4 ./build/lwip.a(tcpip.o)
 .bss.tcpip_init_done
                0x000000003fff0e3c        0x4 ./build/lwip.a(tcpip.o)
 .bss.tcp_timer_ctr
                0x000000003fff0e40        0x1 ./build/lwip.a(tcp.o)
 .bss.tcp_timer
                0x000000003fff0e41        0x1 ./build/lwip.a(tcp.o)
 *fill*         0x000000003fff0e42        0x2 
 .bss.dns_payload
                0x000000003fff0e44        0x4 ./build/lwip.a(dns.o)
 .bss.dns_payload_buffer
                0x000000003fff0e48      0x203 ./build/lwip.a(dns.o)
 *fill*         0x000000003fff104b        0x1 
 .bss.dns_servers
                0x000000003fff104c        0x8 ./build/lwip.a(dns.o)
 .bss.dns_table
                0x000000003fff1054       0x98 ./build/lwip.a(dns.o)
 .bss.dns_seqno
                0x000000003fff10ec        0x1 ./build/lwip.a(dns.o)
 *fill*         0x000000003fff10ed        0x3 
 .bss.dns_pcb   0x000000003fff10f0        0x4 ./build/lwip.a(dns.o)
 .bss.netif_num
                0x000000003fff10f4        0x1 ./build/lwip.a(netif.o)
 *fill*         0x000000003fff10f5        0x3 
 .bss.tcpip_tcp_timer_active
                0x000000003fff10f8        0x4 ./build/lwip.a(timers.o)
 .bss.next_timeout
                0x000000003fff10fc        0x4 ./build/lwip.a(timers.o)
 .bss.ip_id     0x000000003fff1100        0x2 ./build/lwip.a(ip.o)
 .bss.etharp_cached_entry
                0x000000003fff1102        0x1 ./build/lwip.a(etharp.o)
 *fill*         0x000000003fff1103        0x1 
 .bss.arp_table
                0x000000003fff1104       0xc8 ./build/lwip.a(etharp.o)
 .bss.select_cb_ctr
                0x000000003fff11cc        0x4 ./build/lwip.a(sockets.o)
 .bss.select_cb_list
                0x000000003fff11d0        0x4 ./build/lwip.a(sockets.o)
 .bss.sockets   0x000000003fff11d4       0x60 ./build/lwip.a(sockets.o)
 .bss.raw_pcbs  0x000000003fff1234        0x4 ./build/lwip.a(raw.o)
 .bss.recv_data
                0x000000003fff1238        0x4 ./build/lwip.a(tcp_in.o)
 .bss.recv_flags
                0x000000003fff123c        0x1 ./build/lwip.a(tcp_in.o)
 *fill*         0x000000003fff123d        0x1 
 .bss.tcplen    0x000000003fff123e        0x2 ./build/lwip.a(tcp_in.o)
 .bss.flags     0x000000003fff1240        0x1 ./build/lwip.a(tcp_in.o)
 *fill*         0x000000003fff1241        0x3 
 .bss.ackno     0x000000003fff1244        0x4 ./build/lwip.a(tcp_in.o)
 .bss.seqno     0x000000003fff1248        0x4 ./build/lwip.a(tcp_in.o)
 .bss.iphdr     0x000000003fff124c        0x4 ./build/lwip.a(tcp_in.o)
 .bss.tcphdr    0x000000003fff1250        0x4 ./build/lwip.a(tcp_in.o)
 .bss.inseg     0x000000003fff1254       0x10 ./build/lwip.a(tcp_in.o)
 .bss._sysparam_info
                0x000000003fff1264       0x18 ./build/core.a(sysparam.o)
 .bss.my_id$5070
                0x000000003fff127c        0xd ./build/program.a(mqtt.o)
 .bss.my_id_done$5071
                0x000000003fff1289        0x1 ./build/program.a(mqtt.o)
 *fill*         0x000000003fff128a        0x2 
 .bss.pwm_duty_g
                0x000000003fff128c        0x4 ./build/program.a(rgbw.o)
 .bss.toggle    0x000000003fff1290        0x1 ./build/program.a(poor_mans_pwm.o)
                0x000000003fff1290                toggle
 *fill*         0x000000003fff1291        0x3 
 .bss.frc1_interrupt_count_g
                0x000000003fff1294        0x4 ./build/program.a(poor_mans_pwm.o)
 .bss.frequency_g
                0x000000003fff1298        0x2 ./build/program.a(poor_mans_pwm.o)
 .bss.resolution_g
                0x000000003fff129a        0x1 ./build/program.a(poor_mans_pwm.o)
 *fill*         0x000000003fff129b        0x1 
 .bss.pmp_pwm_duty_g
                0x000000003fff129c        0x4 ./build/program.a(poor_mans_pwm.o)
 .bss.pmp_pwm_pins_g
                0x000000003fff12a0        0x4 ./build/program.a(poor_mans_pwm.o)
 .bss.bufptr    0x000000003fff12a4        0x4 ./build/paho_mqtt_c.a(MQTTPacket.o)
 .bss.heap_end$2142
                0x000000003fff12a8        0x4 ./build/core.a(newlib_syscalls.o)
 *(.gnu.linkonce.b.*)
 *(COMMON)
 COMMON         0x000000003fff12ac        0x4 ./build/open_esplibs_libmain.a(misc.o)
                0x000000003fff12ac                sdk__putc1
 COMMON         0x000000003fff12b0       0x28 ./build/open_esplibs_libmain.a(user_interface.o)
                0x000000003fff12b0                sdk_cpu_overclock
                0x000000003fff12b4                sdk_rst_if
                0x000000003fff12d4                sdk_promiscuous_cb
 COMMON         0x000000003fff12d8       0x20 ./build/open_esplibs_libnet80211.a(wl_cnx.o)
                0x000000003fff12d8                sdk_sta_con_timer
                0x000000003fff12f4                sdk_g_cnx_probe_rc_list_cb
 COMMON         0x000000003fff12f8        0xc ./build/freertos.a(port.o)
                0x000000003fff12f8                level1_int_disabled
                0x000000003fff12fc                cpu_sr
                0x000000003fff1300                xPortSupervisorStackPointer
 COMMON         0x000000003fff1304       0x34 ./build/lwip.a(dhcp.o)
                0x000000003fff1304                dhcp_rx_options_given
                0x000000003fff1310                dhcp_rx_options_val
 COMMON         0x000000003fff1338       0x1c ./build/lwip.a(tcp.o)
                0x000000003fff1338                tcp_active_pcbs_changed
                0x000000003fff133c                tcp_active_pcbs
                0x000000003fff1340                tcp_ticks
                0x000000003fff1344                tcp_listen_pcbs
                0x000000003fff1348                tcp_tmp_pcb
                0x000000003fff134c                tcp_bound_pcbs
                0x000000003fff1350                tcp_tw_pcbs
 COMMON         0x000000003fff1354       0xba ./build/lwip.a(stats.o)
                0x000000003fff1354                lwip_stats
 *fill*         0x000000003fff140e        0x2 
 COMMON         0x000000003fff1410        0x8 ./build/lwip.a(netif.o)
                0x000000003fff1410                netif_list
                0x000000003fff1414                netif_default
 COMMON         0x000000003fff1418        0x4 ./build/lwip.a(udp.o)
                0x000000003fff1418                udp_pcbs
 COMMON         0x000000003fff141c       0x10 ./build/lwip.a(ip.o)
                0x000000003fff141c                current_iphdr_src
                0x000000003fff1420                current_netif
                0x000000003fff1424                current_iphdr_dest
                0x000000003fff1428                current_header
 COMMON         0x000000003fff142c        0x4 ./build/lwip.a(tcp_in.o)
                0x000000003fff142c                tcp_input_pcb
 COMMON         0x000000003fff1430       0x41 ./build/core.a(esp_interrupts.o)
                0x000000003fff1430                isr
                0x000000003fff1470                esp_in_isr
 *fill*         0x000000003fff1471        0x3 
 COMMON         0x000000003fff1474       0x2d ./build/core.a(app_main.o)
                0x000000003fff1474                sdk_info
                0x000000003fff1498                sdk_xWatchDogTaskHandle
                0x000000003fff149c                sdk_xUserTaskHandle
                0x000000003fff14a0                sdk_user_init_flag
 *fill*         0x000000003fff14a1        0x3 
 COMMON         0x000000003fff14a4        0x8 ./build/program.a(main.o)
                0x000000003fff14a4                wifi_alive
                0x000000003fff14a8                publish_queue
                0x000000003fff14b0                . = ALIGN (0x8)
 *fill*         0x000000003fff14ac        0x4 
                0x000000003fff14b0                _bss_end = ABSOLUTE (.)
                0x000000003fff14b0                _heap_start = ABSOLUTE (.)

.irom0.text     0x0000000040202010    0x35a74
                0x0000000040202010                _irom0_text_start = ABSOLUTE (.)
 *(.literal .text .literal.* .text.* .rodata .rodata.*)
 .text.timer_tramp
                0x0000000040202010       0x17 ./build/open_esplibs_libmain.a(timers.o)
                                         0x1f (size before relaxing)
 *fill*         0x0000000040202027        0x1 
 .text.sdk_os_timer_setfn
                0x0000000040202028       0xac ./build/open_esplibs_libmain.a(timers.o)
                                         0xb8 (size before relaxing)
                0x0000000040202038                sdk_os_timer_setfn
 .text.sdk_os_timer_arm
                0x00000000402020d4       0xac ./build/open_esplibs_libmain.a(timers.o)
                                         0xd4 (size before relaxing)
                0x00000000402020e0                sdk_os_timer_arm
 .text.sdk_os_timer_disarm
                0x0000000040202180       0x27 ./build/open_esplibs_libmain.a(timers.o)
                                         0x37 (size before relaxing)
                0x0000000040202184                sdk_os_timer_disarm
 *fill*         0x00000000402021a7        0x1 
 .text.sdk_os_update_cpu_frequency
                0x00000000402021a8        0xb ./build/open_esplibs_libmain.a(misc.o)
                0x00000000402021ac                sdk_os_update_cpu_frequency
                0x00000000402021ac                sdk_ets_update_cpu_frequency
 *fill*         0x00000000402021b3        0x1 
 .text.sdk_os_delay_us
                0x00000000402021b4       0x33 ./build/open_esplibs_libmain.a(misc.o)
                                         0x3f (size before relaxing)
                0x00000000402021b4                sdk_os_delay_us
                0x00000000402021b4                sdk_ets_delay_us
 *fill*         0x00000000402021e7        0x1 
 .text.sdk_os_install_putc1
                0x00000000402021e8        0xb ./build/open_esplibs_libmain.a(misc.o)
                0x00000000402021ec                sdk_os_install_putc1
 *fill*         0x00000000402021f3        0x1 
 .text.sdk_gpio_output_set
                0x00000000402021f4       0x1d ./build/open_esplibs_libmain.a(misc.o)
                0x00000000402021f8                sdk_gpio_output_set
 *fill*         0x0000000040202211        0x3 
 .text.sdk_rtc_get_reset_reason
                0x0000000040202214       0x4a ./build/open_esplibs_libmain.a(misc.o)
                0x000000004020221c                sdk_rtc_get_reset_reason
 *fill*         0x000000004020225e        0x2 
 .text._check_boot_version
                0x0000000040202260       0x3a ./build/open_esplibs_libmain.a(user_interface.o)
                                         0x3e (size before relaxing)
 *fill*         0x000000004020229a        0x2 
 .text.sdk_system_pp_recycle_rx_pkt
                0x000000004020229c        0xf ./build/open_esplibs_libmain.a(user_interface.o)
                                         0x17 (size before relaxing)
                0x000000004020229c                sdk_system_pp_recycle_rx_pkt
 *fill*         0x00000000402022ab        0x1 
 .text.sdk_system_restart
                0x00000000402022ac       0x53 ./build/open_esplibs_libmain.a(user_interface.o)
                                         0x7b (size before relaxing)
                0x00000000402022b8                sdk_system_restart
 *fill*         0x00000000402022ff        0x1 
 .text.sdk_system_get_boot_version
                0x0000000040202300        0xe ./build/open_esplibs_libmain.a(user_interface.o)
                                         0x12 (size before relaxing)
                0x0000000040202300                sdk_system_get_boot_version
 *fill*         0x000000004020230e        0x2 
 .text.sdk_system_get_test_result
                0x0000000040202310       0x22 ./build/open_esplibs_libmain.a(user_interface.o)
                                         0x2e (size before relaxing)
                0x0000000040202310                sdk_system_get_test_result
 *fill*         0x0000000040202332        0x2 
 .text.sdk_system_upgrade_userbin_check
                0x0000000040202334       0x40 ./build/open_esplibs_libmain.a(user_interface.o)
                                         0x44 (size before relaxing)
                0x0000000040202334                sdk_system_upgrade_userbin_check
 .text.sdk_system_get_userbin_addr
                0x0000000040202374       0x96 ./build/open_esplibs_libmain.a(user_interface.o)
                                         0x9e (size before relaxing)
                0x0000000040202384                sdk_system_get_userbin_addr
 *fill*         0x000000004020240a        0x2 
 .text.sdk_system_update_cpu_freq
                0x000000004020240c       0x61 ./build/open_esplibs_libmain.a(user_interface.o)
                                         0x69 (size before relaxing)
                0x0000000040202410                sdk_system_update_cpu_freq
 *fill*         0x000000004020246d        0x3 
 .text.sdk_system_get_cpu_freq
                0x0000000040202470       0x1a ./build/open_esplibs_libmain.a(user_interface.o)
                0x0000000040202474                sdk_system_get_cpu_freq
 *fill*         0x000000004020248a        0x2 
 .text.sdk_system_overclock
                0x000000004020248c       0x31 ./build/open_esplibs_libmain.a(user_interface.o)
                                         0x3d (size before relaxing)
                0x0000000040202490                sdk_system_overclock
 *fill*         0x00000000402024bd        0x3 
 .text.sdk_system_restoreclock
                0x00000000402024c0       0x33 ./build/open_esplibs_libmain.a(user_interface.o)
                                         0x43 (size before relaxing)
                0x00000000402024c0                sdk_system_restoreclock
 *fill*         0x00000000402024f3        0x1 
 .text.sdk_system_station_got_ip_set
                0x00000000402024f4       0x91 ./build/open_esplibs_libmain.a(user_interface.o)
                                         0xa9 (size before relaxing)
                0x0000000040202500                sdk_system_station_got_ip_set
 *fill*         0x0000000040202585        0x3 
 .text.sdk_wifi_station_get_connect_status
                0x0000000040202588       0x21 ./build/open_esplibs_libmain.a(user_interface.o)
                                         0x2d (size before relaxing)
                0x0000000040202588                sdk_wifi_station_get_connect_status
 *fill*         0x00000000402025a9        0x3 
 .text.sdk_wifi_get_macaddr
                0x00000000402025ac       0x67 ./build/open_esplibs_libmain.a(user_interface.o)
                                         0x73 (size before relaxing)
                0x00000000402025b4                sdk_wifi_get_macaddr
 *fill*         0x0000000040202613        0x1 
 .text.sdk_sta_status_set
                0x0000000040202614       0x42 ./build/open_esplibs_libnet80211.a(ieee80211_sta.o)
                                         0x46 (size before relaxing)
                0x0000000040202614                sdk_sta_status_set
 *fill*         0x0000000040202656        0x2 
 .text.sdk_wifi_station_start
                0x0000000040202658       0xa7 ./build/open_esplibs_libnet80211.a(ieee80211_sta.o)
                                         0xc3 (size before relaxing)
                0x0000000040202674                sdk_wifi_station_start
 *fill*         0x00000000402026ff        0x1 
 .text.sdk_wifi_station_stop
                0x0000000040202700       0x4b ./build/open_esplibs_libnet80211.a(ieee80211_sta.o)
                                         0x5b (size before relaxing)
                0x0000000040202700                sdk_wifi_station_stop
 *fill*         0x000000004020274b        0x1 
 .text.sdk_wpa_config_assoc_ie
                0x000000004020274c       0x17 ./build/open_esplibs_libwpa.a(wpa_main.o)
                                         0x1b (size before relaxing)
                0x000000004020274c                sdk_wpa_config_assoc_ie
 *fill*         0x0000000040202763        0x1 
 .text.sdk_dhcp_bind_check
                0x0000000040202764       0x22 ./build/open_esplibs_libwpa.a(wpa_main.o)
                                         0x26 (size before relaxing)
                0x0000000040202764                sdk_dhcp_bind_check
 *fill*         0x0000000040202786        0x2 
 .text.wpa_callback2
                0x0000000040202788       0x33 ./build/open_esplibs_libwpa.a(wpa_main.o)
                                         0x47 (size before relaxing)
 *fill*         0x00000000402027bb        0x1 
 .text.wpa_callback1
                0x00000000402027bc       0x1b ./build/open_esplibs_libwpa.a(wpa_main.o)
                                         0x23 (size before relaxing)
 *fill*         0x00000000402027d7        0x1 
 .text.sdk_wpa_config_profile
                0x00000000402027d8       0x49 ./build/open_esplibs_libwpa.a(wpa_main.o)
                                         0x58 (size before relaxing)
                0x00000000402027d8                sdk_wpa_config_profile
 *fill*         0x0000000040202821        0x3 
 .text.sdk_wpa_config_bss
                0x0000000040202824       0x3c ./build/open_esplibs_libwpa.a(wpa_main.o)
                                         0x40 (size before relaxing)
                0x0000000040202824                sdk_wpa_config_bss
 .text.sdk_eagle_auth_done
                0x0000000040202860       0xd7 ./build/open_esplibs_libwpa.a(wpa_main.o)
                                        0x10b (size before relaxing)
                0x0000000040202880                sdk_eagle_auth_done
 *fill*         0x0000000040202937        0x1 
 .text.sdk_wpa_neg_complete
                0x0000000040202938        0xf ./build/open_esplibs_libwpa.a(wpa_main.o)
                                         0x17 (size before relaxing)
                0x0000000040202938                sdk_wpa_neg_complete
 *fill*         0x0000000040202947        0x1 
 .text.sdk_wpa_attach
                0x0000000040202948       0x4f ./build/open_esplibs_libwpa.a(wpa_main.o)
                                         0x5f (size before relaxing)
                0x0000000040202960                sdk_wpa_attach
 *fill*         0x0000000040202997        0x1 
 .text.prvResetNextTaskUnblockTime
                0x0000000040202998       0x35 ./build/freertos.a(tasks.o)
 *fill*         0x00000000402029cd        0x3 
 .text.prvAddCurrentTaskToDelayedList
                0x00000000402029d0       0xa4 ./build/freertos.a(tasks.o)
                                         0xc4 (size before relaxing)
 .text.xTaskCreate
                0x0000000040202a74      0x22a ./build/freertos.a(tasks.o)
                                        0x28a (size before relaxing)
                0x0000000040202ab0                xTaskCreate
 *fill*         0x0000000040202c9e        0x2 
 .text.vTaskDelete
                0x0000000040202ca0       0xb7 ./build/freertos.a(tasks.o)
                                         0xf3 (size before relaxing)
                0x0000000040202ca4                vTaskDelete
 *fill*         0x0000000040202d57        0x1 
 .text.vTaskStartScheduler
                0x0000000040202d58       0x7f ./build/freertos.a(tasks.o)
                                         0x9f (size before relaxing)
                0x0000000040202d70                vTaskStartScheduler
 *fill*         0x0000000040202dd7        0x1 
 .text.vTaskSuspendAll
                0x0000000040202dd8       0x15 ./build/freertos.a(tasks.o)
                0x0000000040202ddc                vTaskSuspendAll
 *fill*         0x0000000040202ded        0x3 
 .text.xTaskGetTickCount
                0x0000000040202df0       0x27 ./build/freertos.a(tasks.o)
                                         0x33 (size before relaxing)
                0x0000000040202df0                xTaskGetTickCount
 *fill*         0x0000000040202e17        0x1 
 .text.xTaskIncrementTick
                0x0000000040202e18      0x170 ./build/freertos.a(tasks.o)
                                        0x1a4 (size before relaxing)
                0x0000000040202e24                xTaskIncrementTick
 .text.xTaskResumeAll
                0x0000000040202f88       0xe9 ./build/freertos.a(tasks.o)
                                        0x13d (size before relaxing)
                0x0000000040202f88                xTaskResumeAll
 *fill*         0x0000000040203071        0x3 
 .text.vTaskDelayUntil
                0x0000000040203074       0x60 ./build/freertos.a(tasks.o)
                                         0x78 (size before relaxing)
                0x0000000040203074                vTaskDelayUntil
 .text.vTaskDelay
                0x00000000402030d4       0x38 ./build/freertos.a(tasks.o)
                                         0x4c (size before relaxing)
                0x00000000402030d4                vTaskDelay
 .text.prvIdleTask
                0x000000004020310c       0x8c ./build/freertos.a(tasks.o)
                                         0xc0 (size before relaxing)
 .text.vTaskSwitchContext
                0x0000000040203198       0xc1 ./build/freertos.a(tasks.o)
                                         0xd5 (size before relaxing)
                0x00000000402031a0                vTaskSwitchContext
 *fill*         0x0000000040203259        0x3 
 .text.vTaskPlaceOnEventList
                0x000000004020325c       0x29 ./build/freertos.a(tasks.o)
                                         0x39 (size before relaxing)
                0x000000004020325c                vTaskPlaceOnEventList
 *fill*         0x0000000040203285        0x3 
 .text.vTaskPlaceOnEventListRestricted
                0x0000000040203288       0x33 ./build/freertos.a(tasks.o)
                                         0x43 (size before relaxing)
                0x0000000040203288                vTaskPlaceOnEventListRestricted
 *fill*         0x00000000402032bb        0x1 
 .text.xTaskRemoveFromEventList
                0x00000000402032bc       0x77 ./build/freertos.a(tasks.o)
                                         0xaf (size before relaxing)
                0x00000000402032bc                xTaskRemoveFromEventList
 *fill*         0x0000000040203333        0x1 
 .text.vTaskSetTimeOutState
                0x0000000040203334       0x16 ./build/freertos.a(tasks.o)
                                         0x1e (size before relaxing)
                0x0000000040203334                vTaskSetTimeOutState
 *fill*         0x000000004020334a        0x2 
 .text.xTaskCheckForTimeOut
                0x000000004020334c       0x75 ./build/freertos.a(tasks.o)
                                         0x85 (size before relaxing)
                0x000000004020334c                xTaskCheckForTimeOut
 *fill*         0x00000000402033c1        0x3 
 .text.vTaskMissedYield
                0x00000000402033c4        0xc ./build/freertos.a(tasks.o)
                                         0x10 (size before relaxing)
                0x00000000402033c4                vTaskMissedYield
 .text.uxTaskGetStackHighWaterMark
                0x00000000402033d0       0x2c ./build/freertos.a(tasks.o)
                                         0x30 (size before relaxing)
                0x00000000402033d0                uxTaskGetStackHighWaterMark
 .text.xTaskGetSchedulerState
                0x00000000402033fc       0x1e ./build/freertos.a(tasks.o)
                                         0x26 (size before relaxing)
                0x00000000402033fc                xTaskGetSchedulerState
 *fill*         0x000000004020341a        0x2 
 .text.vTaskPriorityInherit
                0x000000004020341c       0x94 ./build/freertos.a(tasks.o)
                                         0xa8 (size before relaxing)
                0x000000004020341c                vTaskPriorityInherit
 .text.xTaskPriorityDisinherit
                0x00000000402034b0       0x6b ./build/freertos.a(tasks.o)
                                         0x7b (size before relaxing)
                0x00000000402034b0                xTaskPriorityDisinherit
 *fill*         0x000000004020351b        0x1 
 .text.pvTaskIncrementMutexHeldCount
                0x000000004020351c       0x1f ./build/freertos.a(tasks.o)
                                         0x23 (size before relaxing)
                0x000000004020351c                pvTaskIncrementMutexHeldCount
 *fill*         0x000000004020353b        0x1 
 .text.prvCheckForValidListAndQueue
                0x000000004020353c       0x69 ./build/freertos.a(timers.o)
                                         0x89 (size before relaxing)
 *fill*         0x00000000402035a5        0x3 
 .text.prvInsertTimerInActiveList
                0x00000000402035a8       0x45 ./build/freertos.a(timers.o)
                                         0x59 (size before relaxing)
 *fill*         0x00000000402035ed        0x3 
 .text.xTimerCreateTimerTask
                0x00000000402035f0       0x3d ./build/freertos.a(timers.o)
                                         0x4d (size before relaxing)
                0x00000000402035fc                xTimerCreateTimerTask
 *fill*         0x000000004020362d        0x3 
 .text.xTimerCreate
                0x0000000040203630       0x4d ./build/freertos.a(timers.o)
                                         0x5d (size before relaxing)
                0x0000000040203630                xTimerCreate
 *fill*         0x000000004020367d        0x3 
 .text.xTimerGenericCommand
                0x0000000040203680       0x67 ./build/freertos.a(timers.o)
                                         0x7f (size before relaxing)
                0x0000000040203680                xTimerGenericCommand
 *fill*         0x00000000402036e7        0x1 
 .text.prvSwitchTimerLists
                0x00000000402036e8       0x76 ./build/freertos.a(timers.o)
                                         0x8e (size before relaxing)
 *fill*         0x000000004020375e        0x2 
 .text.prvTimerTask
                0x0000000040203760      0x18b ./build/freertos.a(timers.o)
                                        0x20b (size before relaxing)
 *fill*         0x00000000402038eb        0x1 
 .text.pvTimerGetTimerID
                0x00000000402038ec       0x23 ./build/freertos.a(timers.o)
                                         0x2b (size before relaxing)
                0x00000000402038ec                pvTimerGetTimerID
 *fill*         0x000000004020390f        0x1 
 .text.pxPortInitialiseStack
                0x0000000040203910       0x37 ./build/freertos.a(port.o)
                0x0000000040203914                pxPortInitialiseStack
 *fill*         0x0000000040203947        0x1 
 .text.xPortSysTickHandle
                0x0000000040203948       0x14 ./build/freertos.a(port.o)
                                         0x23 (size before relaxing)
                0x0000000040203948                xPortSysTickHandle
 *fill*         0x000000004020395c        0x0 
 .text.xPortStartScheduler
                0x000000004020395c       0x72 ./build/freertos.a(port.o)
                                         0x7a (size before relaxing)
                0x0000000040203974                xPortStartScheduler
 *fill*         0x00000000402039ce        0x2 
 .text.xPortGetFreeHeapSize
                0x00000000402039d0       0x28 ./build/freertos.a(port.o)
                                         0x38 (size before relaxing)
                0x00000000402039d0                xPortGetFreeHeapSize
 .text.xTaskGenericCreate
                0x00000000402039f8       0x15 ./build/freertos.a(port.o)
                                         0x19 (size before relaxing)
                0x00000000402039f8                xTaskGenericCreate
 *fill*         0x0000000040203a0d        0x3 
 .text.prvCopyDataToQueue
                0x0000000040203a10       0xa7 ./build/freertos.a(queue.o)
                                         0xb3 (size before relaxing)
 *fill*         0x0000000040203ab7        0x1 
 .text.prvCopyDataFromQueue
                0x0000000040203ab8       0x2b ./build/freertos.a(queue.o)
                                         0x2f (size before relaxing)
 *fill*         0x0000000040203ae3        0x1 
 .text.prvUnlockQueue
                0x0000000040203ae4       0xb4 ./build/freertos.a(queue.o)
                                         0xdc (size before relaxing)
 .text.xQueueGenericReset
                0x0000000040203b98       0x7d ./build/freertos.a(queue.o)
                                         0x9d (size before relaxing)
                0x0000000040203b98                xQueueGenericReset
 *fill*         0x0000000040203c15        0x3 
 .text.xQueueGenericCreate
                0x0000000040203c18       0x5c ./build/freertos.a(queue.o)
                                         0x68 (size before relaxing)
                0x0000000040203c18                xQueueGenericCreate
 .text.xQueueGenericSend
                0x0000000040203c74      0x12a ./build/freertos.a(queue.o)
                                        0x19e (size before relaxing)
                0x0000000040203c74                xQueueGenericSend
 *fill*         0x0000000040203d9e        0x2 
 .text.xQueueCreateMutex
                0x0000000040203da0       0x31 ./build/freertos.a(queue.o)
                                         0x3d (size before relaxing)
                0x0000000040203da0                xQueueCreateMutex
 *fill*         0x0000000040203dd1        0x3 
 .text.xQueueGenericSendFromISR
                0x0000000040203dd4       0x63 ./build/freertos.a(queue.o)
                                         0x73 (size before relaxing)
                0x0000000040203dd4                xQueueGenericSendFromISR
 *fill*         0x0000000040203e37        0x1 
 .text.xQueueGiveFromISR
                0x0000000040203e38       0x5b ./build/freertos.a(queue.o)
                                         0x5f (size before relaxing)
                0x0000000040203e38                xQueueGiveFromISR
 *fill*         0x0000000040203e93        0x1 
 .text.xQueueGenericReceive
                0x0000000040203e94      0x184 ./build/freertos.a(queue.o)
                                        0x218 (size before relaxing)
                0x0000000040203e94                xQueueGenericReceive
 .text.xQueueReceiveFromISR
                0x0000000040204018       0x6c ./build/freertos.a(queue.o)
                                         0x78 (size before relaxing)
                0x0000000040204018                xQueueReceiveFromISR
 .text.uxQueueMessagesWaiting
                0x0000000040204084       0x27 ./build/freertos.a(queue.o)
                                         0x2f (size before relaxing)
                0x0000000040204084                uxQueueMessagesWaiting
 *fill*         0x00000000402040ab        0x1 
 .text.vQueueDelete
                0x00000000402040ac       0x13 ./build/freertos.a(queue.o)
                                         0x17 (size before relaxing)
                0x00000000402040ac                vQueueDelete
 *fill*         0x00000000402040bf        0x1 
 .text.vQueueWaitForMessageRestricted
                0x00000000402040c0       0x6f ./build/freertos.a(queue.o)
                                         0x7f (size before relaxing)
                0x00000000402040c0                vQueueWaitForMessageRestricted
 *fill*         0x000000004020412f        0x1 
 .text.low_level_output
                0x0000000040204130       0x38 ./build/lwip.a(esp_interface.o)
                                         0x40 (size before relaxing)
 .text.ethernetif_init
                0x0000000040204168       0x32 ./build/lwip.a(esp_interface.o)
                0x0000000040204170                ethernetif_init
 *fill*         0x000000004020419a        0x2 
 .text.ethernetif_input
                0x000000004020419c       0x53 ./build/lwip.a(esp_interface.o)
                                         0x5a (size before relaxing)
                0x00000000402041a4                ethernetif_input
 *fill*         0x00000000402041ef        0x1 
 .text.tcpip_thread
                0x00000000402041f0       0xc3 ./build/lwip.a(tcpip.o)
                                         0xe7 (size before relaxing)
 *fill*         0x00000000402042b3        0x1 
 .text.tcpip_input
                0x00000000402042b4       0x6c ./build/lwip.a(tcpip.o)
                                         0x80 (size before relaxing)
                0x00000000402042b8                tcpip_input
 .text.tcpip_callback_with_block
                0x0000000040204320       0x7f ./build/lwip.a(tcpip.o)
                                         0x97 (size before relaxing)
                0x0000000040204320                tcpip_callback_with_block
 *fill*         0x000000004020439f        0x1 
 .text.tcpip_apimsg
                0x00000000402043a0       0x42 ./build/lwip.a(tcpip.o)
                                         0x52 (size before relaxing)
                0x00000000402043a0                tcpip_apimsg
 *fill*         0x00000000402043e2        0x2 
 .text.tcpip_init
                0x00000000402043e4       0x47 ./build/lwip.a(tcpip.o)
                                         0x67 (size before relaxing)
                0x00000000402043ec                tcpip_init
 *fill*         0x000000004020442b        0x1 
 .text.dhcp_create_msg
                0x000000004020442c      0x1d0 ./build/lwip.a(dhcp.o)
                                        0x1d4 (size before relaxing)
 .text.dhcp_rebind
                0x00000000402045fc      0x122 ./build/lwip.a(dhcp.o)
                                        0x13e (size before relaxing)
 *fill*         0x000000004020471e        0x2 
 .text.dhcp_discover
                0x0000000040204720      0x176 ./build/lwip.a(dhcp.o)
                                        0x19a (size before relaxing)
 *fill*         0x0000000040204896        0x2 
 .text.dhcp_check
                0x0000000040204898       0x3e ./build/lwip.a(dhcp.o)
                                         0x46 (size before relaxing)
 *fill*         0x00000000402048d6        0x2 
 .text.dhcp_bind
                0x00000000402048d8      0x13d ./build/lwip.a(dhcp.o)
                                        0x165 (size before relaxing)
 *fill*         0x0000000040204a15        0x3 
 .text.dhcp_option_long$isra$3
                0x0000000040204a18       0x57 ./build/lwip.a(dhcp.o)
                                         0x5b (size before relaxing)
 *fill*         0x0000000040204a6f        0x1 
 .text.dhcp_select
                0x0000000040204a70      0x21c ./build/lwip.a(dhcp.o)
                                        0x254 (size before relaxing)
 .text.dhcp_reboot
                0x0000000040204c8c      0x162 ./build/lwip.a(dhcp.o)
                                        0x192 (size before relaxing)
 *fill*         0x0000000040204dee        0x2 
 .text.dhcp_recv
                0x0000000040204df0      0x57f ./build/lwip.a(dhcp.o)
                                        0x5c7 (size before relaxing)
 *fill*         0x000000004020536f        0x1 
 .text.dhcp_arp_reply
                0x0000000040205370      0x106 ./build/lwip.a(dhcp.o)
                                        0x132 (size before relaxing)
                0x0000000040205370                dhcp_arp_reply
 *fill*         0x0000000040205476        0x2 
 .text.dhcp_renew
                0x0000000040205478      0x11a ./build/lwip.a(dhcp.o)
                                        0x13a (size before relaxing)
                0x0000000040205478                dhcp_renew
 *fill*         0x0000000040205592        0x2 
 .text.dhcp_coarse_tmr
                0x0000000040205594       0x96 ./build/lwip.a(dhcp.o)
                                         0xa1 (size before relaxing)
                0x0000000040205598                dhcp_coarse_tmr
 *fill*         0x000000004020562a        0x2 
 .text.dhcp_release
                0x000000004020562c      0x101 ./build/lwip.a(dhcp.o)
                                        0x13d (size before relaxing)
                0x000000004020562c                dhcp_release
 *fill*         0x000000004020572d        0x3 
 .text.dhcp_fine_tmr
                0x0000000040205730       0xdb ./build/lwip.a(dhcp.o)
                                        0x11a (size before relaxing)
                0x0000000040205730                dhcp_fine_tmr
 *fill*         0x000000004020580b        0x1 
 .text.dhcp_stop
                0x000000004020580c       0x3f ./build/lwip.a(dhcp.o)
                                         0x43 (size before relaxing)
                0x000000004020580c                dhcp_stop
 *fill*         0x000000004020584b        0x1 
 .text.dhcp_start
                0x000000004020584c       0xc0 ./build/lwip.a(dhcp.o)
                                         0xfc (size before relaxing)
                0x0000000040205850                dhcp_start
 .text.lwip_init
                0x000000004020590c       0x25 ./build/lwip.a(init.o)
                                         0x5d (size before relaxing)
                0x000000004020590c                lwip_init
 *fill*         0x0000000040205931        0x3 
 .text.tcp_new_port
                0x0000000040205934       0x60 ./build/lwip.a(tcp.o)
                                         0x64 (size before relaxing)
 .text.tcp_update_rcv_ann_wnd
                0x0000000040205994       0x46 ./build/lwip.a(tcp.o)
                0x0000000040205998                tcp_update_rcv_ann_wnd
 *fill*         0x00000000402059da        0x2 
 .text.tcp_recved
                0x00000000402059dc       0x4a ./build/lwip.a(tcp.o)
                                         0x56 (size before relaxing)
                0x00000000402059e0                tcp_recved
 *fill*         0x0000000040205a26        0x2 
 .text.tcp_seg_free
                0x0000000040205a28       0x26 ./build/lwip.a(tcp.o)
                                         0x2e (size before relaxing)
                0x0000000040205a28                tcp_seg_free
 *fill*         0x0000000040205a4e        0x2 
 .text.tcp_segs_free
                0x0000000040205a50       0x21 ./build/lwip.a(tcp.o)
                                         0x25 (size before relaxing)
                0x0000000040205a50                tcp_segs_free
 *fill*         0x0000000040205a71        0x3 
 .text.tcp_pcb_purge
                0x0000000040205a74       0x6d ./build/lwip.a(tcp.o)
                                         0x7d (size before relaxing)
                0x0000000040205a74                tcp_pcb_purge
 *fill*         0x0000000040205ae1        0x3 
 .text.tcp_slowtmr
                0x0000000040205ae4      0x2fb ./build/lwip.a(tcp.o)
                                        0x32b (size before relaxing)
                0x0000000040205b00                tcp_slowtmr
 *fill*         0x0000000040205ddf        0x1 
 .text.tcp_pcb_remove
                0x0000000040205de0       0x79 ./build/lwip.a(tcp.o)
                                         0x85 (size before relaxing)
                0x0000000040205de4                tcp_pcb_remove
 *fill*         0x0000000040205e59        0x3 
 .text.tcp_close_shutdown
                0x0000000040205e5c      0x197 ./build/lwip.a(tcp.o)
                                        0x1e3 (size before relaxing)
 *fill*         0x0000000040205ff3        0x1 
 .text.tcp_close
                0x0000000040205ff4       0x27 ./build/lwip.a(tcp.o)
                                         0x2b (size before relaxing)
                0x0000000040205ff4                tcp_close
 *fill*         0x000000004020601b        0x1 
 .text.tcp_recv_null
                0x000000004020601c       0x3d ./build/lwip.a(tcp.o)
                                         0x4d (size before relaxing)
                0x000000004020601c                tcp_recv_null
 *fill*         0x0000000040206059        0x3 
 .text.tcp_process_refused_data
                0x000000004020605c       0x91 ./build/lwip.a(tcp.o)
                                         0x9d (size before relaxing)
                0x000000004020605c                tcp_process_refused_data
 *fill*         0x00000000402060ed        0x3 
 .text.tcp_fasttmr
                0x00000000402060f0       0x87 ./build/lwip.a(tcp.o)
                                         0x9b (size before relaxing)
                0x00000000402060f0                tcp_fasttmr
 *fill*         0x0000000040206177        0x1 
 .text.tcp_tmr  0x0000000040206178       0x27 ./build/lwip.a(tcp.o)
                                         0x37 (size before relaxing)
                0x000000004020617c                tcp_tmr
 *fill*         0x000000004020619f        0x1 
 .text.tcp_shutdown
                0x00000000402061a0       0x71 ./build/lwip.a(tcp.o)
                                         0x85 (size before relaxing)
                0x00000000402061a0                tcp_shutdown
 *fill*         0x0000000040206211        0x3 
 .text.tcp_abandon
                0x0000000040206214       0xb7 ./build/lwip.a(tcp.o)
                                         0xdf (size before relaxing)
                0x0000000040206214                tcp_abandon
 *fill*         0x00000000402062cb        0x1 
 .text.tcp_abort
                0x00000000402062cc       0x14 ./build/lwip.a(tcp.o)
                                         0x18 (size before relaxing)
                0x00000000402062cc                tcp_abort
 .text.tcp_kill_timewait
                0x00000000402062e0       0x42 ./build/lwip.a(tcp.o)
                                         0x4e (size before relaxing)
 *fill*         0x0000000040206322        0x2 
 .text.tcp_alloc
                0x0000000040206324      0x135 ./build/lwip.a(tcp.o)
                                        0x179 (size before relaxing)
                0x0000000040206338                tcp_alloc
 *fill*         0x0000000040206459        0x3 
 .text.tcp_new  0x000000004020645c       0x14 ./build/lwip.a(tcp.o)
                                         0x18 (size before relaxing)
                0x000000004020645c                tcp_new
 .text.tcp_eff_send_mss
                0x0000000040206470       0x33 ./build/lwip.a(tcp.o)
                                         0x3b (size before relaxing)
                0x0000000040206470                tcp_eff_send_mss
 *fill*         0x00000000402064a3        0x1 
 .text.tcp_connect
                0x00000000402064a4      0x177 ./build/lwip.a(tcp.o)
                                        0x1bb (size before relaxing)
                0x00000000402064a8                tcp_connect
 *fill*         0x000000004020661b        0x1 
 .text.dns_recv
                0x000000004020661c      0x239 ./build/lwip.a(dns.o)
                                        0x249 (size before relaxing)
 *fill*         0x0000000040206855        0x3 
 .text.dns_send
                0x0000000040206858      0x108 ./build/lwip.a(dns.o)
                                        0x12c (size before relaxing)
 .text.dns_check_entry
                0x0000000040206960       0xbb ./build/lwip.a(dns.o)
                                         0xcf (size before relaxing)
 *fill*         0x0000000040206a1b        0x1 
 .text.dns_init
                0x0000000040206a1c       0x69 ./build/lwip.a(dns.o)
                                         0x95 (size before relaxing)
                0x0000000040206a28                dns_init
 *fill*         0x0000000040206a85        0x3 
 .text.dns_setserver
                0x0000000040206a88       0x1e ./build/lwip.a(dns.o)
                                         0x26 (size before relaxing)
                0x0000000040206a88                dns_setserver
 *fill*         0x0000000040206aa6        0x2 
 .text.dns_tmr  0x0000000040206aa8       0x1b ./build/lwip.a(dns.o)
                                         0x23 (size before relaxing)
                0x0000000040206aa8                dns_tmr
 *fill*         0x0000000040206ac3        0x1 
 .text.dns_gethostbyname
                0x0000000040206ac4      0x106 ./build/lwip.a(dns.o)
                                        0x12a (size before relaxing)
                0x0000000040206ad0                dns_gethostbyname
 *fill*         0x0000000040206bca        0x2 
 .text.netif_set_ipaddr
                0x0000000040206bcc       0x6f ./build/lwip.a(netif.o)
                                         0x7b (size before relaxing)
                0x0000000040206bcc                netif_set_ipaddr
 *fill*         0x0000000040206c3b        0x1 
 .text.netif_set_addr
                0x0000000040206c3c       0x2d ./build/lwip.a(netif.o)
                                         0x35 (size before relaxing)
                0x0000000040206c3c                netif_set_addr
 *fill*         0x0000000040206c69        0x3 
 .text.netif_add
                0x0000000040206c6c       0x79 ./build/lwip.a(netif.o)
                                         0x81 (size before relaxing)
                0x0000000040206c70                netif_add
 *fill*         0x0000000040206ce5        0x3 
 .text.netif_set_default
                0x0000000040206ce8        0xb ./build/lwip.a(netif.o)
                0x0000000040206cec                netif_set_default
 *fill*         0x0000000040206cf3        0x1 
 .text.netif_set_up
                0x0000000040206cf4       0x30 ./build/lwip.a(netif.o)
                                         0x34 (size before relaxing)
                0x0000000040206cf4                netif_set_up
 .text.netif_set_down
                0x0000000040206d24       0x20 ./build/lwip.a(netif.o)
                                         0x27 (size before relaxing)
                0x0000000040206d24                netif_set_down
 *fill*         0x0000000040206d44        0x0 
 .text.sys_timeout
                0x0000000040206d44       0x82 ./build/lwip.a(timers.o)
                                         0x8a (size before relaxing)
                0x0000000040206d48                sys_timeout
 *fill*         0x0000000040206dc6        0x2 
 .text.tcp_timer_needed
                0x0000000040206dc8       0x3d ./build/lwip.a(timers.o)
                                         0x49 (size before relaxing)
                0x0000000040206dd0                tcp_timer_needed
 *fill*         0x0000000040206e05        0x3 
 .text.tcpip_tcp_timer
                0x0000000040206e08       0x35 ./build/lwip.a(timers.o)
                                         0x51 (size before relaxing)
 *fill*         0x0000000040206e3d        0x3 
 .text.sys_timeouts_init
                0x0000000040206e40       0x51 ./build/lwip.a(timers.o)
                                         0x6d (size before relaxing)
                0x0000000040206e58                sys_timeouts_init
 *fill*         0x0000000040206e91        0x3 
 .text.dns_timer
                0x0000000040206e94       0x1d ./build/lwip.a(timers.o)
                                         0x2d (size before relaxing)
 *fill*         0x0000000040206eb1        0x3 
 .text.dhcp_timer_fine
                0x0000000040206eb4       0x1d ./build/lwip.a(timers.o)
                                         0x2d (size before relaxing)
 *fill*         0x0000000040206ed1        0x3 
 .text.dhcp_timer_coarse
                0x0000000040206ed4       0x1d ./build/lwip.a(timers.o)
                                         0x31 (size before relaxing)
 *fill*         0x0000000040206ef1        0x3 
 .text.arp_timer
                0x0000000040206ef4       0x1d ./build/lwip.a(timers.o)