Archive member included to satisfy reference by file (symbol)

./build/core.a(exception_vectors.o)
                              (call_user_start)
./build/core.a(esp_interrupts.o)
                              ./build/core.a(exception_vectors.o) (_xt_isr_handler)
./build/core.a(app_main.o)    ./build/core.a(exception_vectors.o) (sdk_user_start)
./build/core.a(sysparam.o)    ./build/core.a(app_main.o) (sysparam_init)
./build/core.a(phy_info.o)    ./build/core.a(app_main.o) (get_default_phy_info)
./build/core.a(esp_hwrand.o)  ./build/core.a(app_main.o) (hwrand)
./build/core.a(debug_dumps.o)
                              ./build/core.a(exception_vectors.o) (fatal_exception_handler)
./build/core.a(spiflash-cache-enable.o)
                              ./build/core.a(app_main.o) (Cache_Read_Enable)
./build/open_esplibs_libmain.a(spi_flash.o)
                              ./build/core.a(app_main.o) (sdk_flashchip)
./build/open_esplibs_libmain.a(os_cpu_a.o)
                              ./build/core.a(exception_vectors.o) (sdk__xt_int_enter)
./build/open_esplibs_libmain.a(misc.o)
                              ./build/open_esplibs_libmain.a(os_cpu_a.o) (sdk_os_get_cpu_frequency)
./build/open_esplibs_libmain.a(user_interface.o)
                              ./build/core.a(app_main.o) (sdk_system_rtc_mem_write)
./build/open_esplibs_libmain.a(xtensa_context.o)
                              ./build/open_esplibs_libmain.a(os_cpu_a.o) (sdk__xt_context_save)
./build/open_esplibs_libmain.a(timers.o)
                              ./build/open_esplibs_libmain.a(user_interface.o) (sdk_os_timer_disarm)
/home/klas/Workspace/Embedded/esp-open-sdk/esp-open-sdk/xtensa-lx106-elf/xtensa-lx106-elf/sysroot/usr/lib/libhal.a(clock.o)
                              ./build/open_esplibs_libmain.a(misc.o) (xthal_get_ccount)
/home/klas/Workspace/Embedded/esp-open-sdk/esp-open-sdk/xtensa-lx106-elf/lib/gcc/xtensa-lx106-elf/4.8.5/libgcc.a(_udivsi3.o)
                              ./build/core.a(sysparam.o) (__udivsi3)
/home/klas/Workspace/Embedded/esp-open-sdk/esp-open-sdk/xtensa-lx106-elf/lib/gcc/xtensa-lx106-elf/4.8.5/libgcc.a(_umodsi3.o)
                              ./build/core.a(sysparam.o) (__umodsi3)
/home/klas/Workspace/Embedded/esp-open-sdk/esp-open-sdk/xtensa-lx106-elf/lib/gcc/xtensa-lx106-elf/4.8.5/libgcc.a(_divsf3.o)
                              ./build/core.a(phy_info.o) (__divsf3)
/home/klas/Workspace/Embedded/esp-open-sdk/esp-open-sdk/xtensa-lx106-elf/lib/gcc/xtensa-lx106-elf/4.8.5/libgcc.a(_floatsisf.o)
                              ./build/core.a(phy_info.o) (__floatunsisf)
/home/klas/Workspace/Embedded/esp-open-sdk/esp-open-sdk/xtensa-lx106-elf/lib/gcc/xtensa-lx106-elf/4.8.5/libgcc.a(_muldf3.o)
                              ./build/core.a(phy_info.o) (__muldf3)
/home/klas/Workspace/Embedded/esp-open-sdk/esp-open-sdk/xtensa-lx106-elf/lib/gcc/xtensa-lx106-elf/4.8.5/libgcc.a(_floatsidf.o)
                              ./build/core.a(phy_info.o) (__floatsidf)
/home/klas/Workspace/Embedded/esp-open-sdk/esp-open-sdk/xtensa-lx106-elf/lib/gcc/xtensa-lx106-elf/4.8.5/libgcc.a(_extendsfdf2.o)
                              ./build/core.a(phy_info.o) (__extendsfdf2)
../../libc/xtensa-lx106-elf/lib/libc.a(lib_a-impure.o)
                              ./build/core.a(app_main.o) (_impure_ptr)
../../libc/xtensa-lx106-elf/lib/libc.a(lib_a-malloc.o)
                              ./build/core.a(app_main.o) (malloc)
../../libc/xtensa-lx106-elf/lib/libc.a(lib_a-memcmp.o)
                              ./build/core.a(sysparam.o) (memcmp)
../../libc/xtensa-lx106-elf/lib/libc.a(lib_a-memcpy.o)
                              ./build/core.a(app_main.o) (memcpy)
../../libc/xtensa-lx106-elf/lib/libc.a(lib_a-memset.o)
                              ./build/core.a(app_main.o) (memset)
../../libc/xtensa-lx106-elf/lib/libc.a(lib_a-mstats.o)
                              ./build/core.a(debug_dumps.o) (mallinfo)
../../libc/xtensa-lx106-elf/lib/libc.a(lib_a-nano-freer.o)
                              ../../libc/xtensa-lx106-elf/lib/libc.a(lib_a-malloc.o) (_free_r)
../../libc/xtensa-lx106-elf/lib/libc.a(lib_a-nano-mallinfor.o)
                              ../../libc/xtensa-lx106-elf/lib/libc.a(lib_a-mstats.o) (_mallinfo_r)
../../libc/xtensa-lx106-elf/lib/libc.a(lib_a-nano-mallocr.o)
                              ../../libc/xtensa-lx106-elf/lib/libc.a(lib_a-nano-freer.o) (__malloc_free_list)
../../libc/xtensa-lx106-elf/lib/libc.a(lib_a-nano-malloptr.o)
                              ../../libc/xtensa-lx106-elf/lib/libc.a(lib_a-mstats.o) (_mallopt_r)
../../libc/xtensa-lx106-elf/lib/libc.a(lib_a-nano-mallstatsr.o)
                              ../../libc/xtensa-lx106-elf/lib/libc.a(lib_a-mstats.o) (_malloc_stats_r)
../../libc/xtensa-lx106-elf/lib/libc.a(lib_a-nano-vfprintf_float.o)
                              (_printf_float)
../../libc/xtensa-lx106-elf/lib/libc.a(lib_a-nano-vfprintf_i.o)
[...]
Memory Configuration

Name             Origin             Length             Attributes
dport0_0_seg     0x000000003ff00000 0x0000000000000010
dram0_0_seg      0x000000003ffe8000 0x0000000000014000
iram1_0_seg      0x0000000040100000 0x0000000000008000
irom0_0_seg      0x0000000040202010 0x00000000000fdff0
*default*        0x0000000000000000 0xffffffffffffffff

Linker script and memory map

START GROUP
LOAD ./build/program.a
LOAD ./build/paho_mqtt_c.a
LOAD ./build/freertos.a
LOAD ./build/lwip.a
LOAD ./build/core.a
LOAD ./build/open_esplibs.a
LOAD ./build/open_esplibs_libmain.a
LOAD /home/klas/Workspace/Embedded/esp-open-sdk/esp-open-sdk/xtensa-lx106-elf/xtensa-lx106-elf/sysroot/usr/lib/libhal.a
LOAD /home/klas/Workspace/Embedded/esp-open-sdk/esp-open-sdk/xtensa-lx106-elf/lib/gcc/xtensa-lx106-elf/4.8.5/libgcc.a
LOAD ../../libc/xtensa-lx106-elf/lib/libc.a
LOAD ./build/sdklib/libmain.a
LOAD ./build/sdklib/libnet80211.a
LOAD ./build/sdklib/libphy.a
LOAD ./build/sdklib/libpp.a
LOAD ./build/sdklib/libwpa.a
END GROUP
                0x00000000401062f4                pvPortMalloc = malloc
                0x0000000040106310                vPortFree = free
                0x00000000401016d8                _lock_acquire = vPortEnterCritical
                0x00000000401016d8                _lock_acquire_recursive = vPortEnterCritical
                0x00000000401016d8                _lock_try_acquire = vPortEnterCritical
                0x00000000401016d8                _lock_try_acquire_recursive = vPortEnterCritical
                0x0000000040101700                _lock_release = vPortExitCritical
                0x0000000040101700                _lock_release_recursive = vPortExitCritical
                0x000000004010686c                ets_printf = printf
                [!provide]                        PROVIDE (_memmap_vecbase_reset, 0x40000000)
                0x0000000000000110                _memmap_cacheattr_wb_base = 0x110
                0x0000000000000110                _memmap_cacheattr_wt_base = 0x110
                0x0000000000000220                _memmap_cacheattr_bp_base = 0x220
                0x00000000fffff00f                _memmap_cacheattr_unused_mask = 0xfffff00f
                0x000000002222211f                _memmap_cacheattr_wb_trapnull = 0x2222211f
                0x000000002222211f                _memmap_cacheattr_wba_trapnull = 0x2222211f
                0x000000002222211f                _memmap_cacheattr_wbna_trapnull = 0x2222211f
                0x000000002222211f                _memmap_cacheattr_wt_trapnull = 0x2222211f
                0x000000002222222f                _memmap_cacheattr_bp_trapnull = 0x2222222f
                0x00000000fffff11f                _memmap_cacheattr_wb_strict = 0xfffff11f
                0x00000000fffff11f                _memmap_cacheattr_wt_strict = 0xfffff11f
                0x00000000fffff22f                _memmap_cacheattr_bp_strict = 0xfffff22f
                0x0000000022222112                _memmap_cacheattr_wb_allvalid = 0x22222112
                0x0000000022222112                _memmap_cacheattr_wt_allvalid = 0x22222112
                0x0000000022222222                _memmap_cacheattr_bp_allvalid = 0x22222222
                [!provide]                        PROVIDE (_memmap_cacheattr_reset, _memmap_cacheattr_wb_trapnull)

.dport0.rodata  0x000000003ff00000        0x0
                0x000000003ff00000                _dport0_rodata_start = ABSOLUTE (.)
 *(.dport0.rodata)
 *(.dport.rodata)
                0x000000003ff00000                _dport0_rodata_end = ABSOLUTE (.)

.dport0.literal
                0x000000003ff00000        0x0
                0x000000003ff00000                _dport0_literal_start = ABSOLUTE (.)
 *(.dport0.literal)
 *(.dport.literal)
                0x000000003ff00000                _dport0_literal_end = ABSOLUTE (.)

.dport0.data    0x000000003ff00000        0x0
                0x000000003ff00000                _dport0_data_start = ABSOLUTE (.)
 *(.dport0.data)
 *(.dport.data)
                0x000000003ff00000                _dport0_data_end = ABSOLUTE (.)

.text           0x0000000040100000     0x770e
                0x0000000040100000                _stext = .
                0x0000000040100000                _text_start = ABSOLUTE (.)
                0x0000000040100000                . = ALIGN (0x10)
 *(.vecbase.text)
 .vecbase.text  0x0000000040100000      0x3b2 ./build/core.a(exception_vectors.o)
                0x0000000040100000                VecBase
                0x000000004010023c                call_user_start
                0x000000004010039e                _xt_user_exit
 *(.entry.text)
 *(.init.literal)
 *(.init)
 *(.iram1.*)
 *fill*         0x00000000401003b2        0x2 
 .iram1.text    0x00000000401003b4       0xa1 ./build/core.a(esp_interrupts.o)
                                         0xa5 (size before relaxing)
                0x00000000401003b8                _xt_isr_attach
                0x00000000401003cc                _xt_isr_handler
 *fill*         0x0000000040100455        0x3 
 .iram1.text    0x0000000040100458      0x2ef ./build/core.a(app_main.o)
                                        0x32f (size before relaxing)
                0x0000000040100484                vApplicationStackOverflowHook
                0x00000000401004b0                vApplicationIdleHook
                0x00000000401004d4                vApplicationTickHook
                0x0000000040100550                sdk_user_start
 *fill*         0x0000000040100747        0x1 
 .iram1.text    0x0000000040100748       0x94 ./build/core.a(sysparam.o)
                                         0xb8 (size before relaxing)
 .iram1.text    0x00000000401007dc       0x98 ./build/core.a(debug_dumps.o)
                                         0xa4 (size before relaxing)
                0x0000000040100834                debug_exception_handler
                0x0000000040100834                fatal_exception_handler
                0x0000000040100854                abort
 .iram1.text    0x0000000040100874       0x67 ./build/core.a(spiflash-cache-enable.o)
                                         0x7b (size before relaxing)
                0x0000000040100884                Cache_Read_Enable
 *fill*         0x00000000401008db        0x1 
 .iram1.text    0x00000000401008dc      0x394 ./build/open_esplibs_libmain.a(spi_flash.o)
                                        0x478 (size before relaxing)
                0x00000000401008fc                sdk_SPIReadModeCnfig
                0x0000000040100978                sdk_SPIWrite
                0x0000000040100a34                sdk_SPIRead
                0x0000000040100a64                sdk_SPIEraseSector
                0x0000000040100ac0                sdk_spi_flash_get_id
                0x0000000040100b1c                sdk_spi_flash_read_status
                0x0000000040100b5c                sdk_spi_flash_write_status
                0x0000000040100b98                sdk_spi_flash_erase_sector
                0x0000000040100bcc                sdk_spi_flash_write
                0x0000000040100c1c                sdk_spi_flash_read
 .iram1.text    0x0000000040100c70      0x12d ./build/open_esplibs_libmain.a(os_cpu_a.o)
                                        0x175 (size before relaxing)
                0x0000000040100c74                vPortYield
                0x0000000040100cac                sdk__xt_int_enter
                0x0000000040100cc4                sdk__xt_int_exit
                0x0000000040100cf4                sdk__xt_timer_int
                0x0000000040100d30                sdk__xt_timer_int1
                0x0000000040100d44                sdk__xt_tick_timer_init
                0x0000000040100d70                sdk__xt_isr_unmask
                0x0000000040100d80                sdk__xt_isr_mask
                0x0000000040100d90                sdk__xt_read_ints
                0x0000000040100d98                sdk__xt_clear_ints
 *fill*         0x0000000040100d9d        0x3 
 .iram1.text    0x0000000040100da0        0xb ./build/open_esplibs_libmain.a(misc.o)
                0x0000000040100da4                sdk_os_get_cpu_frequency
 *fill*         0x0000000040100dab        0x1 
 .iram1.text    0x0000000040100dac      0x199 ./build/open_esplibs_libmain.a(user_interface.o)
                                        0x1ad (size before relaxing)
                0x0000000040100db0                sdk_system_rtc_mem_write
                0x0000000040100e10                sdk_system_rtc_mem_read
                0x0000000040100e78                sdk_system_restart_in_nmi
 *fill*         0x0000000040100f45        0x3 
 .iram1.text    0x0000000040100f48      0x26b ./build/freertos.a(queue.o)
                                        0x313 (size before relaxing)
                0x0000000040101094                xQueueGenericSend
                0x00000000401011ac                uxQueueMessagesWaitingFromISR
 *fill*         0x00000000401011b3        0x1 
 .iram1.text    0x00000000401011b4      0x4d1 ./build/freertos.a(tasks.o)
                                        0x5c8 (size before relaxing)
                0x000000004010122c                vTaskSuspendAll
                0x0000000040101250                xTaskIncrementTick
                0x00000000401013e8                xTaskResumeAll
                0x00000000401014d8                vTaskPlaceOnEventList
                0x0000000040101528                xTaskRemoveFromEventList
                0x0000000040101598                vTaskSetTimeOutState
                0x00000000401015b0                xTaskCheckForTimeOut
                0x0000000040101628                vTaskMissedYield
                0x0000000040101634                vTaskPriorityDisinherit
 *fill*         0x0000000040101685        0x3 
 .iram1.text    0x0000000040101688       0xd7 ./build/freertos.a(port.o)
                                         0xff (size before relaxing)
                0x0000000040101690                SV_ISR
                0x00000000401016d8                vPortEnterCritical
                0x0000000040101700                vPortExitCritical
                0x000000004010172c                PendSV
 *fill*         0x000000004010175f        0x1 
 .iram1.text    0x0000000040101760       0x1b ./build/core.a(sdk_compat.o)
                0x0000000040101764                zalloc
 *fill*         0x000000004010177b        0x1 
 .iram1.text    0x000000004010177c       0x34 ./build/core.a(newlib_syscalls.o)
                0x0000000040101788                _sbrk_r
 .iram1.text    0x00000000401017b0       0x26 ./build/core.a(esp_iomux.o)
                0x00000000401017b4                gpio_to_iomux
                0x00000000401017c8                iomux_to_gpio
 *fill*         0x00000000401017d6        0x0 
 *fill*         0x00000000401017d6        0x0 
 *fill*         0x00000000401017d6        0x2 
 .iram1.data    0x00000000401017d8        0x4 ./build/core.a(debug_dumps.o)
 *fill*         0x00000000401017dc        0x0 
 *fill*         0x00000000401017dc        0x0 
 *fill*         0x00000000401017dc        0x0 
 *fill*         0x00000000401017dc        0x0 
 .iram1.text    0x00000000401017dc       0x3d ./build/open_esplibs_libmain.a(xtensa_context.o)
                0x00000000401017dc                sdk__xt_context_save
                0x00000000401017f8                sdk__xt_context_restore
 *fill*         0x0000000040101819        0x0 
 *fill*         0x0000000040101819        0x3 
 .iram1.text    0x000000004010181c       0x65 ./build/freertos.a(list.o)
                0x000000004010181c                vListInsertEnd
                0x0000000040101834                vListInsert
                0x0000000040101860                uxListRemove
 *fill*         0x0000000040101881        0x0 
 *fill*         0x0000000040101881        0x0 
 *fill*         0x0000000040101881        0x0 
 *fill*         0x0000000040101881        0x3 
 .iram1.data    0x0000000040101884       0x80 ./build/core.a(esp_iomux.o)
 *sdklib*:*(.literal .text .literal.* .text.*)
 .text          0x0000000040101904       0x90 ./build/sdklib/libmain.a(ets_timer.o)
                                         0xa0 (size before relaxing)
 .text          0x0000000040101994        0xb ./build/sdklib/libnet80211.a(wl_chm.o)
                0x0000000040101998                sdk_chm_get_current_channel
 *fill*         0x000000004010199f        0x1 
 .text          0x00000000401019a0       0x4f ./build/sdklib/libphy.a(phy.o)
                                         0x53 (size before relaxing)
                0x00000000401019a8                sdk_register_phy_ops
                0x00000000401019c8                sdk_phy_change_channel
                0x00000000401019e4                sdk_phy_get_mactime
 *fill*         0x00000000401019ef        0x1 
 .text          0x00000000401019f0       0xfb ./build/sdklib/libphy.a(phy_sleep.o)
                                        0x103 (size before relaxing)
                0x0000000040101a04                sdk_pm_rtc_clock_cali
                0x0000000040101ac0                sdk_clockgate_watchdog
 *fill*         0x0000000040101aeb        0x1 
 .text          0x0000000040101aec       0x94 ./build/sdklib/libpp.a(esf_buf.o)
                                         0xb4 (size before relaxing)
                0x0000000040101af0                sdk_esf_rx_buf_alloc
 .text          0x0000000040101b80     0x14e4 ./build/sdklib/libpp.a(lmac.o)
                                       0x187c (size before relaxing)
                0x0000000040101b84                sdk_lmacIsActive
                0x0000000040101b98                sdk_lmacIsIdle
                0x0000000040101fe4                sdk_lmacSetAcParam
                0x0000000040102080                sdk_lmacProcessTXStartData
                0x0000000040102228                sdk_lmacProcessTxSuccess
                0x0000000040102370                sdk_GetAccess
                0x000000004010237c                sdk_lmacDiscardAgedMSDU
                0x0000000040102390                sdk_lmacRecycleMPDU
                0x0000000040102870                sdk_lmacProcessCollisions
                0x00000000401028cc                sdk_lmacProcessCollision
                0x0000000040102950                sdk_lmacMSDUAged
                0x0000000040102cd4                sdk_lmacProcessCtsTimeout
                0x0000000040102d1c                sdk_lmacProcessAckTimeout
                0x0000000040102d70                sdk_lmacProcessRtsStart
                0x0000000040102d7c                sdk_lmacProcessTxRtsError
                0x0000000040102e14                sdk_lmacProcessTxError
                0x0000000040102e98                sdk_lmacTxFrame
                0x000000004010304c                sdk_lmacRxDone
 .text          0x0000000040103064      0xe5c ./build/sdklib/libpp.a(pp.o)
                                       0x103c (size before relaxing)
                0x0000000040103094                sdk_pp_soft_wdt_feed
                0x00000000401031a8                sdk_ppProcessTxQ
                0x0000000040103298                sdk_ppFetchTxQFirstAvail
                0x00000000401032d8                sdk_ppDequeueTxQ
                0x0000000040103300                sdk_ppRollBackTxQ
                0x0000000040103324                sdk_ppRecordBarRRC
                0x0000000040103334                sdk_ppTxqUpdateBitmap
                0x0000000040103358                sdk_ppEnqueueTxDone
                0x000000004010338c                sdk_ppEnqueueRxq
                0x0000000040103b54                sdk_ppDiscardMPDU
                0x0000000040103b84                sdk_MacIsrSigPostDefHdl
                0x0000000040103c70                sdk_pp_post
                0x0000000040103d6c                sdk_ppCalTxop
                0x0000000040103e50                sdk_ppCalFrameTimes
 .text          0x0000000040103ec0       0xf5 ./build/sdklib/libpp.a(rate_control.o)
                                        0x109 (size before relaxing)
                0x0000000040103ee0                sdk_RC_GetAckRate
                0x0000000040103eec                sdk_RC_GetRtsRate
                0x0000000040103efc                sdk_RC_GetAckTime
                0x0000000040103f10                sdk_RC_GetCtsTime
                0x0000000040103f48                sdk_RC_GetBlockAckTime
 *fill*         0x0000000040103fb5        0x3 
 .text          0x0000000040103fb8      0x7f9 ./build/sdklib/libpp.a(trc.o)
                                        0x81d (size before relaxing)
                0x0000000040104130                sdk_rcUpdateTxDone
                0x00000000401041c4                sdk_rcUpdateRxDone
                0x0000000040104220                sdk_rcUpdateDataRxDone
                0x0000000040104238                sdk_rcGetSched
                0x00000000401042e0                sdk_rcGetRate
                0x00000000401046e4                sdk_rcReachRetryLimit
                0x00000000401046fc                sdk_trc_NeedRTS
 *fill*         0x00000000401047b1        0x3 
 .text          0x00000000401047b4     0x114f ./build/sdklib/libpp.a(wdev.o)
                                       0x1473 (size before relaxing)
                0x0000000040104b08                sdk_wDev_MacTimSetFunc
                0x0000000040104b28                sdk_wDev_MacTimArm
                0x0000000040104bcc                sdk_wDev_MacTim1Arm
                0x0000000040104ca8                sdk_wDev_ProcessFiq
                0x000000004010504c                sdk_wDev_EnableTransmit
                0x0000000040105090                sdk_wDev_DisableTransmit
                0x00000000401050b0                sdk_Tx_Copy2Queue
                0x00000000401050f8                sdk_wDev_ProcessCollision
                0x000000004010511c                sdk_wDev_GetTxqCollisions
                0x000000004010512c                sdk_wDev_ClearTxqCollisions
                0x0000000040105148                sdk_wDev_SetWaitingQueue
                0x0000000040105194                sdk_wDev_ClearWaitingQueue
                0x00000000401051b4                sdk_wDev_SetFrameAckType
                0x0000000040105218                sdk_wDev_AppendRxBlocks
                0x00000000401053c0                sdk_wDev_AppendRxAmpduLensBlocks
                0x00000000401054f8                sdk_wDev_GetBAInfo
 *fill*         0x0000000040105903        0x1 
 .text          0x0000000040105904       0x25 ./build/sdklib/libnet80211.a(ieee80211_hostap.o)
 *fill*         0x0000000040105929        0x0 
 *fill*         0x0000000040105929        0x0 
 *fill*         0x0000000040105929        0x3 
 .text          0x000000004010592c        0x2 ./build/sdklib/libphy.a(phy_chip_v6.o)
                0x000000004010592c                sdk_ram_tx_mac_disable
 *fill*         0x000000004010592e        0x0 
 *fill*         0x000000004010592e        0x0 
 *fill*         0x000000004010592e        0x0 
 *fill*         0x000000004010592e        0x0 
 *fill*         0x000000004010592e        0x2 
 .text          0x0000000040105930       0x11 ./build/sdklib/libwpa.a(wpa_auth.o)
 *libgcc.a:*i3.o(.literal .text .literal.* .text.*)
 *fill*         0x0000000040105941        0x3 
 .literal       0x0000000040105944        0x0 /home/klas/Workspace/Embedded/esp-open-sdk/esp-open-sdk/xtensa-lx106-elf/lib/gcc/xtensa-lx106-elf/4.8.5/libgcc.a(_muldi3.o)
                                          0x4 (size before relaxing)
 .literal       0x0000000040105944        0x0 /home/klas/Workspace/Embedded/esp-open-sdk/esp-open-sdk/xtensa-lx106-elf/lib/gcc/xtensa-lx106-elf/4.8.5/libgcc.a(_divdi3.o)
                                         0x48 (size before relaxing)
 .literal       0x0000000040105944        0x0 /home/klas/Workspace/Embedded/esp-open-sdk/esp-open-sdk/xtensa-lx106-elf/lib/gcc/xtensa-lx106-elf/4.8.5/libgcc.a(_umoddi3.o)
                                         0x40 (size before relaxing)
 .literal       0x0000000040105944        0x4 ../../libc/xtensa-lx106-elf/lib/libc.a(lib_a-malloc.o)
                                         0x10 (size before relaxing)
 .literal       0x0000000040105948        0x8 ../../libc/xtensa-lx106-elf/lib/libc.a(lib_a-nano-mallocr.o)
                                         0x20 (size before relaxing)
 .literal       0x0000000040105950        0x0 ../../libc/xtensa-lx106-elf/lib/libc.a(lib_a-nano-freer.o)
                                          0xc (size before relaxing)
 .literal       0x0000000040105950       0x24 ../../libc/xtensa-lx106-elf/lib/libc.a(lib_a-rand.o)
                                         0x58 (size before relaxing)
 .literal       0x0000000040105974        0x4 ../../libc/xtensa-lx106-elf/lib/libc.a(lib_a-mlock.o)
                                         0x10 (size before relaxing)
 .literal       0x0000000040105978        0x0 ../../libc/xtensa-lx106-elf/lib/libc.a(lib_a-printf.o)
                                         0x14 (size before relaxing)
 .literal       0x0000000040105978        0x0 ../../libc/xtensa-lx106-elf/lib/libc.a(lib_a-sprintf.o)
                                         0x14 (size before relaxing)
 .literal       0x0000000040105978        0x0 ../../libc/xtensa-lx106-elf/lib/libc.a(lib_a-fprintf.o)
                                          0xc (size before relaxing)
 .literal       0x0000000040105978       0x20 ../../libc/xtensa-lx106-elf/lib/libc.a(lib_a-nano-svfprintf.o)
                                         0x54 (size before relaxing)
 .literal       0x0000000040105998       0x28 ../../libc/xtensa-lx106-elf/lib/libc.a(lib_a-nano-vfprintf.o)
                                         0x60 (size before relaxing)
 .literal       0x00000000401059c0       0x34 ../../libc/xtensa-lx106-elf/lib/libc.a(lib_a-findfp.o)
                                         0x80 (size before relaxing)
 .literal       0x00000000401059f4        0x8 ../../libc/xtensa-lx106-elf/lib/libc.a(lib_a-fputwc.o)
                                         0x2c (size before relaxing)
 .text          0x00000000401059fc       0x36 /home/klas/Workspace/Embedded/esp-open-sdk/esp-open-sdk/xtensa-lx106-elf/lib/gcc/xtensa-lx106-elf/4.8.5/libgcc.a(_muldi3.o)
                0x00000000401059fc                __muldi3
 *fill*         0x0000000040105a32        0x2 
 .text          0x0000000040105a34      0x3eb /home/klas/Workspace/Embedded/esp-open-sdk/esp-open-sdk/xtensa-lx106-elf/lib/gcc/xtensa-lx106-elf/4.8.5/libgcc.a(_divdi3.o)
                                        0x41b (size before relaxing)
                0x0000000040105a34                __divdi3
 *fill*         0x0000000040105e1f        0x1 
 .text          0x0000000040105e20      0x33a /home/klas/Workspace/Embedded/esp-open-sdk/esp-open-sdk/xtensa-lx106-elf/lib/gcc/xtensa-lx106-elf/4.8.5/libgcc.a(_umoddi3.o)
                                        0x366 (size before relaxing)
                0x0000000040105e20                __umoddi3
 *fill*         0x000000004010615a        0x2 
 .text          0x000000004010615c       0x4c /home/klas/Workspace/Embedded/esp-open-sdk/esp-open-sdk/xtensa-lx106-elf/lib/gcc/xtensa-lx106-elf/4.8.5/libgcc.a(_udivsi3.o)
                0x000000004010615c                __udivsi3
 .text          0x00000000401061a8       0x39 /home/klas/Workspace/Embedded/esp-open-sdk/esp-open-sdk/xtensa-lx106-elf/lib/gcc/xtensa-lx106-elf/4.8.5/libgcc.a(_umodsi3.o)
                0x00000000401061a8                __umodsi3
 *fill*         0x00000000401061e1        0x3 
 .text          0x00000000401061e4       0x64 /home/klas/Workspace/Embedded/esp-open-sdk/esp-open-sdk/xtensa-lx106-elf/lib/gcc/xtensa-lx106-elf/4.8.5/libgcc.a(_divsi3.o)
                0x00000000401061e4                __divsi3
 .text          0x0000000040106248       0x49 /home/klas/Workspace/Embedded/esp-open-sdk/esp-open-sdk/xtensa-lx106-elf/lib/gcc/xtensa-lx106-elf/4.8.5/libgcc.a(_modsi3.o)
                0x0000000040106248                __modsi3
 *fill*         0x0000000040106291        0x3 
 .text          0x0000000040106294       0x18 /home/klas/Workspace/Embedded/esp-open-sdk/esp-open-sdk/xtensa-lx106-elf/lib/gcc/xtensa-lx106-elf/4.8.5/libgcc.a(_ashrdi3.o)
                0x0000000040106294                __ashrdi3
 *fill*         0x00000000401062ac        0x0 
 *fill*         0x00000000401062ac        0x0 
 *fill*         0x00000000401062ac        0x0 
 .text          0x00000000401062ac       0x48 /home/klas/Workspace/Embedded/esp-open-sdk/esp-open-sdk/xtensa-lx106-elf/lib/gcc/xtensa-lx106-elf/4.8.5/libgcc.a(_umulsidi3.o)
                0x00000000401062ac                __umulsidi3
 *libc.a:*malloc.o(.literal .text .literal.* .text.*)
 .text          0x00000000401062f4       0x35 ../../libc/xtensa-lx106-elf/lib/libc.a(lib_a-malloc.o)
                0x00000000401062f4                malloc
                0x0000000040106310                free
 *libc.a:*mallocr.o(.literal .text .literal.* .text.*)
 *fill*         0x0000000040106329        0x3 
 .text          0x000000004010632c       0xed ../../libc/xtensa-lx106-elf/lib/libc.a(lib_a-nano-mallocr.o)
                                         0xf1 (size before relaxing)
                0x000000004010632c                _malloc_r
 *fill*         0x0000000040106419        0x0 
 *libc.a:*freer.o(.literal .text .literal.* .text.*)
 *fill*         0x0000000040106419        0x3 
 .text          0x000000004010641c       0xb1 ../../libc/xtensa-lx106-elf/lib/libc.a(lib_a-nano-freer.o)
                0x000000004010641c                _free_r
 *fill*         0x00000000401064cd        0x0 
 *libc.a:*memcpy.o(.literal .text .literal.* .text.*)
 *fill*         0x00000000401064cd        0x3 
 .text          0x00000000401064d0      0x145 ../../libc/xtensa-lx106-elf/lib/libc.a(lib_a-memcpy.o)
                0x0000000040106514                memcpy
 *libc.a:*memset.o(.literal .text .literal.* .text.*)
 *fill*         0x0000000040106615        0x3 
 .text          0x0000000040106618       0x7c ../../libc/xtensa-lx106-elf/lib/libc.a(lib_a-memset.o)
                0x0000000040106644                memset
 *libc.a:*memcmp.o(.literal .text .literal.* .text.*)
 .text          0x0000000040106694       0x23 ../../libc/xtensa-lx106-elf/lib/libc.a(lib_a-memcmp.o)
                0x0000000040106694                memcmp
 *libc.a:*memmove.o(.literal .text .literal.* .text.*)
 *fill*         0x00000000401066b7        0x1 
 .text          0x00000000401066b8       0x3b ../../libc/xtensa-lx106-elf/lib/libc.a(lib_a-memmove.o)
                0x00000000401066b8                memmove
 *libc.a:*rand.o(.literal .text .literal.* .text.*)
 *fill*         0x00000000401066f3        0x1 
 .text          0x00000000401066f4       0xdd ../../libc/xtensa-lx106-elf/lib/libc.a(lib_a-rand.o)
                                         0xe1 (size before relaxing)
                0x00000000401066f4                srand
                0x0000000040106758                rand
 *fill*         0x00000000401067d1        0x0 
 *libc.a:*bzero.o(.literal .text .literal.* .text.*)
 *fill*         0x00000000401067d1        0x3 
 .text          0x00000000401067d4       0x12 ../../libc/xtensa-lx106-elf/lib/libc.a(lib_a-bzero.o)
                0x00000000401067d4                bzero
 *libc.a:*lock.o(.literal .text .literal.* .text.*)
 *fill*         0x00000000401067e6        0x2 
 .text          0x00000000401067e8       0x2d ../../libc/xtensa-lx106-elf/lib/libc.a(lib_a-mlock.o)
                0x00000000401067e8                __malloc_lock
                0x0000000040106800                __malloc_unlock
 *fill*         0x0000000040106815        0x3 
 .text          0x0000000040106818        0x8 ../../libc/xtensa-lx106-elf/lib/libc.a(lock.o)
                0x0000000040106818                _lock_close_recursive
                0x0000000040106818                __dummy_lock
                0x0000000040106818                _lock_init_recursive
                0x0000000040106818                _lock_close
                0x0000000040106818                _lock_init
                0x000000004010681c                __dummy_lock_try
 *libc.a:*printf.o(.literal .text .literal.* .text.*)
 .text          0x0000000040106820       0x99 ../../libc/xtensa-lx106-elf/lib/libc.a(lib_a-printf.o)
                0x0000000040106820                _printf_r
                0x0000000040106820                _iprintf_r
                0x000000004010686c                printf
                0x000000004010686c                iprintf
 *fill*         0x00000000401068b9        0x3 
 .text          0x00000000401068bc       0xb5 ../../libc/xtensa-lx106-elf/lib/libc.a(lib_a-sprintf.o)
                                         0xb9 (size before relaxing)
                0x00000000401068bc                _siprintf_r
                0x00000000401068bc                _sprintf_r
                0x0000000040106914                sprintf
                0x0000000040106914                siprintf
 *fill*         0x0000000040106971        0x3 
 .text          0x0000000040106974       0x57 ../../libc/xtensa-lx106-elf/lib/libc.a(lib_a-fprintf.o)
                                         0x5b (size before relaxing)
                0x0000000040106974                _fprintf_r
                0x0000000040106974                _fiprintf_r
                0x0000000040106998                fprintf
                0x0000000040106998                fiprintf
 *fill*         0x00000000401069cb        0x1 
 .text          0x00000000401069cc      0x4b1 ../../libc/xtensa-lx106-elf/lib/libc.a(lib_a-nano-svfprintf.o)
                                        0x4b5 (size before relaxing)
                0x00000000401069cc                __ssputs_r
                0x0000000040106ac4                __ssprint_r
                0x0000000040106bf8                _svfprintf_r
                0x0000000040106bf8                _svfiprintf_r
 *fill*         0x0000000040106e7d        0x3 
 .text          0x0000000040106e80      0x447 ../../libc/xtensa-lx106-elf/lib/libc.a(lib_a-nano-vfprintf.o)
                                        0x44b (size before relaxing)
                0x0000000040106eb8                __sfputs_r
                0x0000000040106f28                __sprint_r
                0x0000000040106fb8                _vfiprintf_r
                0x0000000040106fb8                _vfprintf_r
                0x00000000401072a0                vfiprintf
                0x00000000401072a0                vfprintf
 *fill*         0x00000000401072c7        0x0 
 *fill*         0x00000000401072c7        0x0 
 *fill*         0x00000000401072c7        0x0 
 *fill*         0x00000000401072c7        0x0 
 *fill*         0x00000000401072c7        0x0 
 *libc.a:*findfp.o(.literal .text .literal.* .text.*)
 *fill*         0x00000000401072c7        0x1 
 .text          0x00000000401072c8      0x2ae ../../libc/xtensa-lx106-elf/lib/libc.a(lib_a-findfp.o)
                                        0x2c6 (size before relaxing)
                0x00000000401072c8                _cleanup_r
                0x0000000040107364                __sfmoreglue
                0x00000000401073a8                _cleanup
                0x00000000401073bc                __sfp_lock_acquire
                0x00000000401073d4                __sfp_lock_release
                0x00000000401073ec                __sinit_lock_acquire
                0x0000000040107404                __sinit_lock_release
                0x000000004010741c                __sinit
                0x000000004010748c                __sfp
                0x0000000040107538                __fp_lock_all
                0x0000000040107558                __fp_unlock_all
 *fill*         0x0000000040107576        0x0 
 *libc.a:*fputwc.o(.literal .text .literal.* .text.*)
 *fill*         0x0000000040107576        0x2 
 .text          0x0000000040107578      0x196 ../../libc/xtensa-lx106-elf/lib/libc.a(lib_a-fputwc.o)
                                        0x19e (size before relaxing)
                0x0000000040107578                __fputwc
                0x0000000040107648                _fputwc_r
                0x00000000401076b8                fputwc
 *fill*         0x000000004010770e        0x0 
 *(.stub .gnu.warning .gnu.linkonce.literal.* .gnu.linkonce.t.*.literal .gnu.linkonce.t.*)
 *(.fini.literal)
 *(.fini)
 *(.gnu.version)
                0x000000004010770e                _text_end = ABSOLUTE (.)
                0x000000004010770e                _etext = .

.data           0x000000003ffe8000      0x88c
                0x000000003ffe8000                _data_start = ABSOLUTE (.)
 *(.data)
 .data          0x000000003ffe8000        0x8 ./build/core.a(spiflash-cache-enable.o)
                0x000000003ffe8000                rboot_megabyte
 .data          0x000000003ffe8008       0xf4 ../../libc/xtensa-lx106-elf/lib/libc.a(lib_a-impure.o)
                0x000000003ffe8008                _impure_ptr
 .data          0x000000003ffe80fc        0x4 ../../libc/xtensa-lx106-elf/lib/libc.a(lib_a-ctype_.o)
                0x000000003ffe80fc                __ctype_ptr__
 .data          0x000000003ffe8100       0x7c ../../libc/xtensa-lx106-elf/lib/libc.a(lib_a-locale.o)
                0x000000003ffe8178                __mb_cur_max
 .data          0x000000003ffe817c        0x4 ../../libc/xtensa-lx106-elf/lib/libc.a(lib_a-wctomb_r.o)
                0x000000003ffe817c                __wctomb
 .data          0x000000003ffe8180        0x1 ./build/sdklib/libmain.a(user_interface.o)
 *fill*         0x000000003ffe8181        0x3 
 .data          0x000000003ffe8184      0x1a8 ./build/sdklib/libnet80211.a(ieee80211_phy.o)
 *fill*         0x000000003ffe832c        0x4 
 .data          0x000000003ffe8330        0x6 ./build/sdklib/libnet80211.a(ieee80211_proto.o)
                0x000000003ffe8330                sdk_ieee80211_addr_bcast
 *fill*         0x000000003ffe8336        0x2 
 .data          0x000000003ffe8338       0x1c ./build/sdklib/libnet80211.a(ieee80211_action.o)
 *fill*         0x000000003ffe8354        0xc 
 .data          0x000000003ffe8360       0x53 ./build/sdklib/libphy.a(phy_chip_v6.o)
                0x000000003ffe8362                sdk_tx_rf_ana_gain
                0x000000003ffe8384                sdk_tx_pwctrl_atten_init_en
                0x000000003ffe8390                sdk_rx_gain_swp
                0x000000003ffe83b0                sdk_test_rffreq_txcap
 *fill*         0x000000003ffe83b3        0xd 
 .data          0x000000003ffe83c0       0x90 ./build/sdklib/libphy.a(phy_chip_v6_cal.o)
                0x000000003ffe83c0                sdk_dpd_index
                0x000000003ffe8420                sdk_dpd_db2linear
 .data          0x000000003ffe8450        0x4 ./build/sdklib/libphy.a(phy_sleep.o)
                0x000000003ffe8450                sdk_chip_version
 .data          0x000000003ffe8454      0x11c ./build/sdklib/libphy.a(phy_chip_v5_romfunc.o)
                0x000000003ffe8454                sdk_g_phyFuns
                0x000000003ffe8458                sdk_g_phyFuns_instance
 .data          0x000000003ffe8570        0x7 ./build/sdklib/libphy.a(phy_chip_v5_cal_romfunc.o)
 *fill*         0x000000003ffe8577        0x1 
 .data          0x000000003ffe8578        0x1 ./build/sdklib/libpp.a(pm.o)
 *fill*         0x000000003ffe8579        0x3 
 .data          0x000000003ffe857c       0x10 ./build/sdklib/libpp.a(pp.o)
                0x000000003ffe857c                sdk_NoiseTimerInterval
                0x000000003ffe8584                sdk_sleep_start_wait_time
 *fill*         0x000000003ffe858c        0x4 
 .data          0x000000003ffe8590       0x40 ./build/sdklib/libpp.a(rate_control.o)
 .data          0x000000003ffe85d0      0x22c ./build/sdklib/libpp.a(trc.o)
 *fill*         0x000000003ffe87fc        0x4 
 .data          0x000000003ffe8800       0x10 ./build/sdklib/libpp.a(wdev.o)
 .data          0x000000003ffe8810       0x18 ./build/sdklib/libnet80211.a(ieee80211_crypto_ccmp.o)
                0x000000003ffe8810                sdk_ccmp
 .data          0x000000003ffe8828       0x18 ./build/sdklib/libnet80211.a(ieee80211_crypto_tkip.o)
                0x000000003ffe8828                sdk_tkip
 .data          0x000000003ffe8840       0x18 ./build/sdklib/libnet80211.a(ieee80211_crypto_wep.o)
                0x000000003ffe8840                sdk_wep
 *(.data.*)
 .data.sdk_flashchip
                0x000000003ffe8858       0x18 ./build/open_esplibs_libmain.a(spi_flash.o)
                0x000000003ffe8858                sdk_flashchip
 .data.cpu_freq
                0x000000003ffe8870        0x4 ./build/open_esplibs_libmain.a(misc.o)
 .data.sdk_dhcpc_flag
                0x000000003ffe8874        0x4 ./build/open_esplibs_libmain.a(user_interface.o)
                0x000000003ffe8874                sdk_dhcpc_flag
 .data.pwm_pin_g
                0x000000003ffe8878        0x4 ./build/program.a(rgbw.o)
                0x000000003ffe8878                pwm_pin_g
 .data.xNextTaskUnblockTime
                0x000000003ffe887c        0x4 ./build/freertos.a(tasks.o)
 .data.xid$3738
                0x000000003ffe8880        0x4 ./build/lwip.a(dhcp.o)
 .data.iss$4709
                0x000000003ffe8884        0x4 ./build/lwip.a(tcp.o)
 .data.tcp_port
                0x000000003ffe8888        0x2 ./build/lwip.a(tcp.o)
 .data.udp_port
                0x000000003ffe888a        0x2 ./build/lwip.a(udp.o)
 *(.gnu.linkonce.d.*)
 *(.data1)
 *(.sdata)
 *(.sdata.*)
 *(.gnu.linkonce.s.*)
 *(.sdata2)
 *(.sdata2.*)
 *(.gnu.linkonce.s2.*)
 *(.jcr)
                0x000000003ffe888c                _data_end = ABSOLUTE (.)

.rodata         0x000000003ffe8890      0x7df
                0x000000003ffe8890                _rodata_start = ABSOLUTE (.)
 *core.a:*(.rodata.* .rodata)
 .rodata        0x000000003ffe8890       0x1c ./build/core.a(exception_vectors.o)
 .rodata.str1.4
                0x000000003ffe88ac      0x19f ./build/core.a(app_main.o)
 *fill*         0x000000003ffe8a4b        0x1 
 .rodata.CSWTCH$28
                0x000000003ffe8a4c       0x10 ./build/core.a(app_main.o)
 .rodata.CSWTCH$27
                0x000000003ffe8a5c       0x40 ./build/core.a(app_main.o)
 .rodata.str1.4
                0x000000003ffe8a9c      0x1cc ./build/core.a(debug_dumps.o)
 *libc.a:*.o(.rodata.* .rodata)
 .rodata        0x000000003ffe8c68        0x4 ../../libc/xtensa-lx106-elf/lib/libc.a(lib_a-impure.o)
                0x000000003ffe8c68                _global_impure_ptr
 .rodata.str1.1
                0x000000003ffe8c6c        0x2 ../../libc/xtensa-lx106-elf/lib/libc.a(lib_a-impure.o)
 .rodata.str1.1
                0x000000003ffe8c6e       0x21 ../../libc/xtensa-lx106-elf/lib/libc.a(lib_a-mstats.o)
 .rodata.str1.1
                0x000000003ffe8c8f       0x4b ../../libc/xtensa-lx106-elf/lib/libc.a(lib_a-nano-mallstatsr.o)
 .rodata.str1.1
                0x000000003ffe8cda       0x12 ../../libc/xtensa-lx106-elf/lib/libc.a(lib_a-nano-vfprintf_float.o)
 .rodata.str1.1
                0x000000003ffe8cec       0x22 ../../libc/xtensa-lx106-elf/lib/libc.a(lib_a-nano-vfprintf_i.o)
 .rodata.str1.1
                0x000000003ffe8d0e        0x5 ../../libc/xtensa-lx106-elf/lib/libc.a(lib_a-nano-vfscanf_float.o)
 .rodata.str1.1
                0x000000003ffe8d13        0x5 ../../libc/xtensa-lx106-elf/lib/libc.a(lib_a-puts.o)
                                          0x2 (size before relaxing)
 .rodata.str1.1
                0x000000003ffe8d13        0x5 ../../libc/xtensa-lx106-elf/lib/libc.a(lib_a-strtod.o)
                                          0xc (size before relaxing)
 *fill*         0x000000003ffe8d13        0x5 
 .rodata        0x000000003ffe8d18       0x70 ../../libc/xtensa-lx106-elf/lib/libc.a(lib_a-strtod.o)
 .rodata        0x000000003ffe8d88      0x101 ../../libc/xtensa-lx106-elf/lib/libc.a(lib_a-ctype_.o)
                0x000000003ffe8d88                _ctype_
 .rodata.str1.1
                0x000000003ffe8e89        0xd ../../libc/xtensa-lx106-elf/lib/libc.a(lib_a-dtoa.o)
                                          0xf (size before relaxing)
 *fill*         0x000000003ffe8e96        0x2 
 .rodata        0x000000003ffe8e98       0x60 ../../libc/xtensa-lx106-elf/lib/libc.a(lib_a-findfp.o)
                0x000000003ffe8e98                __sf_fake_stderr
                0x000000003ffe8eb8                __sf_fake_stdout
                0x000000003ffe8ed8                __sf_fake_stdin
 .rodata.str1.1
                0x000000003ffe8ef8        0x8 ../../libc/xtensa-lx106-elf/lib/libc.a(lib_a-locale.o)
                                          0xb (size before relaxing)
 .rodata        0x000000003ffe8f00      0x128 ../../libc/xtensa-lx106-elf/lib/libc.a(lib_a-mprec.o)
                0x000000003ffe8f10                __mprec_tinytens
                0x000000003ffe8f38                __mprec_bigtens
                0x000000003ffe8f60                __mprec_tens
 .rodata.str1.1
                0x000000003ffe9028       0x11 ../../libc/xtensa-lx106-elf/lib/libc.a(lib_a-nano-svfprintf.o)
 .rodata.str1.1
                0x000000003ffe9039       0x11 ../../libc/xtensa-lx106-elf/lib/libc.a(lib_a-nano-vfprintf.o)
 *freertos.a:*(.rodata.* .rodata)
 *fill*         0x000000003ffe9039        0x3 
 .rodata.str1.4
                0x000000003ffe903c        0x5 ./build/freertos.a(tasks.o)
 *fill*         0x000000003ffe9041        0x3 
 .rodata.ucExpectedStackBytes$3367
                0x000000003ffe9044       0x14 ./build/freertos.a(tasks.o)
 .rodata.str1.4
                0x000000003ffe9058        0x8 ./build/freertos.a(timers.o)
 *libmain.a:spi_flash.o(.rodata.* .rodata)
 *libpp.a:wdev.o(.rodata.* .rodata)
 .rodata.str1.4
                0x000000003ffe9060        0xf ./build/sdklib/libpp.a(wdev.o)
                0x000000003ffe906f                _rodata_end = ABSOLUTE (.)

.bss            0x000000003ffe9070     0x8420
                0x000000003ffe9070                . = ALIGN (0x8)
                0x000000003ffe9070                _bss_start = ABSOLUTE (.)
 *(.dynsbss)
 *(.sbss)
 *(.sbss.*)
 *(.gnu.linkonce.sb.*)
 *(.scommon)
 *(.sbss2)
 *(.sbss2.*)
 *(.gnu.linkonce.sb2.*)
 *(.dynbss)
 *(.bss)
 .bss           0x000000003ffe9070      0x228 ./build/core.a(exception_vectors.o)
                0x000000003ffe9284                debug_saved_ctx
 .bss           0x000000003ffe9298       0x28 ../../libc/xtensa-lx106-elf/lib/libc.a(lib_a-nano-mallinfor.o)
                0x000000003ffe9298                __malloc_current_mallinfo
 .bss           0x000000003ffe92c0        0x8 ../../libc/xtensa-lx106-elf/lib/libc.a(lib_a-nano-mallocr.o)
                0x000000003ffe92c0                __malloc_sbrk_start
                0x000000003ffe92c4                __malloc_free_list
 .bss           0x000000003ffe92c8        0x8 ../../libc/xtensa-lx106-elf/lib/libc.a(lib_a-findfp.o)
 .bss           0x000000003ffe92d0        0x4 ../../libc/xtensa-lx106-elf/lib/libc.a(lib_a-mlock.o)
 *fill*         0x000000003ffe92d4        0xc 
 .bss           0x000000003ffe92e0       0x40 ./build/sdklib/libmain.a(ets_timer.o)
                0x000000003ffe92e8                sdk_debug_timer
                0x000000003ffe92ec                sdk_debug_timerfn
 .bss           0x000000003ffe9320      0x131 ./build/sdklib/libmain.a(user_interface.o)
 *fill*         0x000000003ffe9451        0x3 
 .bss           0x000000003ffe9454      0x54c ./build/sdklib/libnet80211.a(ieee80211.o)
                0x000000003ffe9454                sdk_g_ic
                0x000000003ffe999c                sdk_xieee80211Queue
 .bss           0x000000003ffe99a0       0x28 ./build/sdklib/libnet80211.a(ieee80211_hostap.o)
                0x000000003ffe99c0                sdk_TmpSTAAPCloseAP
                0x000000003ffe99c1                sdk_PendFreeBcnEb
 .bss           0x000000003ffe99c8       0xe4 ./build/sdklib/libnet80211.a(ieee80211_scan.o)
                0x000000003ffe99c8                sdk_gScanStruct
                0x000000003ffe9a8c                sdk_auth_type
                0x000000003ffe9a8e                sdk_scannum
 .bss           0x000000003ffe9aac       0x44 ./build/sdklib/libnet80211.a(wl_chm.o)
 .bss           0x000000003ffe9af0      0x780 ./build/sdklib/libnet80211.a(wl_cnx.o)
                0x000000003ffea250                sdk_sta_con_timer
                0x000000003ffea26c                sdk_g_cnx_probe_rc_list_cb
 .bss           0x000000003ffea270        0x4 ./build/sdklib/libphy.a(phy.o)
 *fill*         0x000000003ffea274        0xc 
 .bss           0x000000003ffea280      0x38b ./build/sdklib/libphy.a(phy_chip_v6.o)
                0x000000003ffea280                sdk_rxiq_compute_num
                0x000000003ffea284                sdk_rxdc_init_flag
                0x000000003ffea288                sdk_check_result
                0x000000003ffea28c                sdk_chip6_sleep_params
                0x000000003ffea464                sdk_chip6_phy_init_ctrl
                0x000000003ffea4d2                sdk_phy_freq_offset
                0x000000003ffea4d4                sdk_do_pwctrl_flag
                0x000000003ffea4d5                sdk_pwctrl_debug
                0x000000003ffea4d6                sdk_txbk_dpdby_flag
                0x000000003ffea4d8                sdk_sw_scan_mode
                0x000000003ffea4ec                sdk_periodic_cal_dc_num
                0x000000003ffea4f0                sdk_periodic_cal_flag
                0x000000003ffea4f1                sdk_bbpll_cal_flag
                0x000000003ffea4f2                sdk_deep_sleep_en
                0x000000003ffea4f8                sdk_noise_array
                0x000000003ffea600                sdk_tx_pwctrl_atten_init
 *fill*         0x000000003ffea60b        0x1 
 .bss           0x000000003ffea60c        0x6 ./build/sdklib/libphy.a(phy_chip_v6_cal.o)
                0x000000003ffea60c                sdk_loop_pwctrl_pwdet_error_accum_high_power
                0x000000003ffea60e                sdk_tx_pwctrl_pk_num
                0x000000003ffea60f                sdk_loop_pwctrl_correct_atten_high_power
                0x000000003ffea610                sdk_tx_pwctrl_set_chan_flag
                0x000000003ffea611                sdk_rxiq_cover_fail_num
 *fill*         0x000000003ffea612        0x2 
 .bss           0x000000003ffea614        0x4 ./build/sdklib/libphy.a(phy_sleep.o)
                0x000000003ffea614                sdk_periodic_cal_sat
                0x000000003ffea615                sdk_software_slp_reject
                0x000000003ffea616                sdk_SDIO_slp_reject
                0x000000003ffea617                sdk_hardware_reject
 *fill*         0x000000003ffea618        0x8 
 .bss           0x000000003ffea620     0x11e8 ./build/sdklib/libpp.a(esf_buf.o)
 *fill*         0x000000003ffeb808        0x8 
 .bss           0x000000003ffeb810       0x30 ./build/sdklib/libpp.a(if_hwctrl.o)
                0x000000003ffeb810                sdk_interface_mask
                0x000000003ffeb820                sdk_if_ctrl
 .bss           0x000000003ffeb840      0x150 ./build/sdklib/libpp.a(lmac.o)
                0x000000003ffeb844                sdk_lmacConfMib
 .bss           0x000000003ffeb990      0x149 ./build/sdklib/libpp.a(pm.o)
 *fill*         0x000000003ffebad9        0x7 
 .bss           0x000000003ffebae0      0x352 ./build/sdklib/libpp.a(pp.o)
                0x000000003ffebb08                sdk_pend_flag_noise_check
                0x000000003ffebb10                sdk_pend_flag_periodic_cal
                0x000000003ffebb34                sdk_dbg_stop_sw_wdt
                0x000000003ffebb35                sdk_dbg_stop_hw_wdt
 *fill*         0x000000003ffebe32        0xe 
 .bss           0x000000003ffebe40      0x100 ./build/sdklib/libpp.a(rate_control.o)
 .bss           0x000000003ffebf40      0x268 ./build/sdklib/libpp.a(trc.o)
 *fill*         0x000000003ffec1a8        0x8 
 .bss           0x000000003ffec1b0     0x4721 ./build/sdklib/libpp.a(wdev.o)
                0x000000003ffec1b0                sdk_wDevCtrl
                0x000000003ffec354                sdk_NMIIrqIsOn
                0x000000003ffec358                sdk_WdevTimOffSet
 *fill*         0x000000003fff08d1        0xf 
 .bss           0x000000003fff08e0      0x27a ./build/sdklib/libwpa.a(wpa.o)
 *fill*         0x000000003fff0b5a        0x6 
 .bss           0x000000003fff0b60       0xb0 ./build/sdklib/libwpa.a(aes-internal-dec.o)
 .bss           0x000000003fff0c10        0x8 ./build/sdklib/libnet80211.a(ieee80211_crypto_tkip.o)
 *(.bss.*)
 .bss._sysparam_info
                0x000000003fff0c18       0x18 ./build/core.a(sysparam.o)
 .bss.armed_timer_count
                0x000000003fff0c30        0x1 ./build/open_esplibs_libmain.a(timers.o)
 *fill*         0x000000003fff0c31        0x3 
 .bss.timer_list
                0x000000003fff0c34        0x4 ./build/open_esplibs_libmain.a(timers.o)
 .bss.my_id$4920
                0x000000003fff0c38        0xd ./build/program.a(mqtt.o)
 .bss.my_id_done$4921
                0x000000003fff0c45        0x1 ./build/program.a(mqtt.o)
 .bss.temp_w    0x000000003fff0c46        0x2 ./build/program.a(rgbw.o)
                0x000000003fff0c46                temp_w
 .bss.pwm_duty_g
                0x000000003fff0c48        0x4 ./build/program.a(rgbw.o)
                0x000000003fff0c48                pwm_duty_g
 .bss.lamp_g    0x000000003fff0c4c        0x8 ./build/program.a(rgbw.o)
                0x000000003fff0c4c                lamp_g
 .bss.frc1_interrupt_count_g
                0x000000003fff0c54        0x4 ./build/program.a(poor_mans_pwm.o)
 .bss.frequency_g
                0x000000003fff0c58        0x1 ./build/program.a(poor_mans_pwm.o)
 .bss.resolution_g
                0x000000003fff0c59        0x1 ./build/program.a(poor_mans_pwm.o)
 .bss.pmp_pwm_pins_size_g
                0x000000003fff0c5a        0x1 ./build/program.a(poor_mans_pwm.o)
 *fill*         0x000000003fff0c5b        0x1 
 .bss.pmp_pwm_duty_g
                0x000000003fff0c5c        0x4 ./build/program.a(poor_mans_pwm.o)
 .bss.pmp_pwm_pins_g
                0x000000003fff0c60        0x4 ./build/program.a(poor_mans_pwm.o)
 .bss.bufptr    0x000000003fff0c64        0x4 ./build/paho_mqtt_c.a(MQTTPacket.o)
 .bss.uxTaskNumber
                0x000000003fff0c68        0x4 ./build/freertos.a(tasks.o)
 .bss.xNumOfOverflows
                0x000000003fff0c6c        0x4 ./build/freertos.a(tasks.o)
 .bss.xYieldPending
                0x000000003fff0c70        0x4 ./build/freertos.a(tasks.o)
 .bss.uxPendedTicks
                0x000000003fff0c74        0x4 ./build/freertos.a(tasks.o)
 .bss.uxSchedulerSuspended
                0x000000003fff0c78        0x4 ./build/freertos.a(tasks.o)
 .bss.xSchedulerRunning
                0x000000003fff0c7c        0x4 ./build/freertos.a(tasks.o)
 .bss.uxTopReadyPriority
                0x000000003fff0c80        0x4 ./build/freertos.a(tasks.o)
 .bss.xTickCount
                0x000000003fff0c84        0x4 ./build/freertos.a(tasks.o)
 .bss.uxCurrentNumberOfTasks
                0x000000003fff0c88        0x4 ./build/freertos.a(tasks.o)
 .bss.xIdleTaskHandle
                0x000000003fff0c8c        0x4 ./build/freertos.a(tasks.o)
 .bss.xSuspendedTaskList
                0x000000003fff0c90       0x14 ./build/freertos.a(tasks.o)
 .bss.uxTasksDeleted
                0x000000003fff0ca4        0x4 ./build/freertos.a(tasks.o)
 .bss.xTasksWaitingTermination
                0x000000003fff0ca8       0x14 ./build/freertos.a(tasks.o)
 .bss.xPendingReadyList
                0x000000003fff0cbc       0x14 ./build/freertos.a(tasks.o)
 .bss.pxOverflowDelayedTaskList
                0x000000003fff0cd0        0x4 ./build/freertos.a(tasks.o)
 .bss.pxDelayedTaskList
                0x000000003fff0cd4        0x4 ./build/freertos.a(tasks.o)
 .bss.xDelayedTaskList2
                0x000000003fff0cd8       0x14 ./build/freertos.a(tasks.o)
 .bss.xDelayedTaskList1
                0x000000003fff0cec       0x14 ./build/freertos.a(tasks.o)
 .bss.pxReadyTasksLists
                0x000000003fff0d00      0x12c ./build/freertos.a(tasks.o)
 .bss.pxCurrentTCB
                0x000000003fff0e2c        0x4 ./build/freertos.a(tasks.o)
                0x000000003fff0e2c                pxCurrentTCB
 .bss.xLastTime$3234
                0x000000003fff0e30        0x4 ./build/freertos.a(timers.o)
 .bss.xTimerTaskHandle
                0x000000003fff0e34        0x4 ./build/freertos.a(timers.o)
 .bss.xTimerQueue
                0x000000003fff0e38        0x4 ./build/freertos.a(timers.o)
 .bss.pxOverflowTimerList
                0x000000003fff0e3c        0x4 ./build/freertos.a(timers.o)
 .bss.pxCurrentTimerList
                0x000000003fff0e40        0x4 ./build/freertos.a(timers.o)
 .bss.xActiveTimerList2
                0x000000003fff0e44       0x14 ./build/freertos.a(timers.o)
 .bss.xActiveTimerList1
                0x000000003fff0e58       0x14 ./build/freertos.a(timers.o)
 .bss.uxCriticalNesting
                0x000000003fff0e6c        0x4 ./build/freertos.a(port.o)
 .bss.pending_maclayer_sv
                0x000000003fff0e70        0x4 ./build/freertos.a(port.o)
 .bss.pending_soft_sv
                0x000000003fff0e74        0x4 ./build/freertos.a(port.o)
 .bss.mbox      0x000000003fff0e78        0x4 ./build/lwip.a(tcpip.o)
 .bss.tcpip_init_done_arg
                0x000000003fff0e7c        0x4 ./build/lwip.a(tcpip.o)
 .bss.tcpip_init_done
                0x000000003fff0e80        0x4 ./build/lwip.a(tcpip.o)
 .bss.select_cb_ctr
                0x000000003fff0e84        0x4 ./build/lwip.a(sockets.o)
 .bss.select_cb_list
                0x000000003fff0e88        0x4 ./build/lwip.a(sockets.o)
 .bss.sockets   0x000000003fff0e8c       0x60 ./build/lwip.a(sockets.o)
 .bss.tcp_timer_ctr
                0x000000003fff0eec        0x1 ./build/lwip.a(tcp.o)
 .bss.tcp_timer
                0x000000003fff0eed        0x1 ./build/lwip.a(tcp.o)
 *fill*         0x000000003fff0eee        0x2 
 .bss.dns_payload
                0x000000003fff0ef0        0x4 ./build/lwip.a(dns.o)
 .bss.dns_payload_buffer
                0x000000003fff0ef4      0x203 ./build/lwip.a(dns.o)
 *fill*         0x000000003fff10f7        0x1 
 .bss.dns_servers
                0x000000003fff10f8        0x8 ./build/lwip.a(dns.o)
 .bss.dns_table
                0x000000003fff1100       0x98 ./build/lwip.a(dns.o)
 .bss.dns_seqno
                0x000000003fff1198        0x1 ./build/lwip.a(dns.o)
 *fill*         0x000000003fff1199        0x3 
 .bss.dns_pcb   0x000000003fff119c        0x4 ./build/lwip.a(dns.o)
 .bss.netif_num
                0x000000003fff11a0        0x1 ./build/lwip.a(netif.o)
 *fill*         0x000000003fff11a1        0x3 
 .bss.tcpip_tcp_timer_active
                0x000000003fff11a4        0x4 ./build/lwip.a(timers.o)
 .bss.next_timeout
                0x000000003fff11a8        0x4 ./build/lwip.a(timers.o)
 .bss.ip_id     0x000000003fff11ac        0x2 ./build/lwip.a(ip.o)
 .bss.etharp_cached_entry
                0x000000003fff11ae        0x1 ./build/lwip.a(etharp.o)
 *fill*         0x000000003fff11af        0x1 
 .bss.arp_table
                0x000000003fff11b0       0xc8 ./build/lwip.a(etharp.o)
 .bss.raw_pcbs  0x000000003fff1278        0x4 ./build/lwip.a(raw.o)
 .bss.recv_data
                0x000000003fff127c        0x4 ./build/lwip.a(tcp_in.o)
 .bss.recv_flags
                0x000000003fff1280        0x1 ./build/lwip.a(tcp_in.o)
 *fill*         0x000000003fff1281        0x1 
 .bss.tcplen    0x000000003fff1282        0x2 ./build/lwip.a(tcp_in.o)
 .bss.flags     0x000000003fff1284        0x1 ./build/lwip.a(tcp_in.o)
 *fill*         0x000000003fff1285        0x3 
 .bss.ackno     0x000000003fff1288        0x4 ./build/lwip.a(tcp_in.o)
 .bss.seqno     0x000000003fff128c        0x4 ./build/lwip.a(tcp_in.o)
 .bss.iphdr     0x000000003fff1290        0x4 ./build/lwip.a(tcp_in.o)
 .bss.tcphdr    0x000000003fff1294        0x4 ./build/lwip.a(tcp_in.o)
 .bss.inseg     0x000000003fff1298       0x10 ./build/lwip.a(tcp_in.o)
 .bss.heap_end$2134
                0x000000003fff12a8        0x4 ./build/core.a(newlib_syscalls.o)
 *(.gnu.linkonce.b.*)
 *(COMMON)
 COMMON         0x000000003fff12ac       0x41 ./build/core.a(esp_interrupts.o)
                0x000000003fff12ac                isr
                0x000000003fff12ec                esp_in_isr
 *fill*         0x000000003fff12ed        0x3 
 COMMON         0x000000003fff12f0       0x2d ./build/core.a(app_main.o)
                0x000000003fff12f0                sdk_info
                0x000000003fff1314                sdk_xWatchDogTaskHandle
                0x000000003fff1318                sdk_xUserTaskHandle
                0x000000003fff131c                sdk_user_init_flag
 *fill*         0x000000003fff131d        0x3 
 COMMON         0x000000003fff1320        0x4 ./build/open_esplibs_libmain.a(misc.o)
                0x000000003fff1320                sdk__putc1
 COMMON         0x000000003fff1324       0x28 ./build/open_esplibs_libmain.a(user_interface.o)
                0x000000003fff1324                sdk_cpu_overclock
                0x000000003fff1328                sdk_rst_if
                0x000000003fff1348                sdk_promiscuous_cb
 COMMON         0x000000003fff134c        0xc ./build/program.a(main.o)
                0x000000003fff134c                toggle_lamp
                0x000000003fff1350                wifi_alive
                0x000000003fff1354                publish_queue
 COMMON         0x000000003fff1358        0xc ./build/freertos.a(port.o)
                0x000000003fff1358                level1_int_disabled
                0x000000003fff135c                cpu_sr
                0x000000003fff1360                xPortSupervisorStackPointer
 COMMON         0x000000003fff1364       0x34 ./build/lwip.a(dhcp.o)
                0x000000003fff1364                dhcp_rx_options_given
                0x000000003fff1370                dhcp_rx_options_val
 COMMON         0x000000003fff1398       0x1c ./build/lwip.a(tcp.o)
                0x000000003fff1398                tcp_active_pcbs_changed
                0x000000003fff139c                tcp_active_pcbs
                0x000000003fff13a0                tcp_ticks
                0x000000003fff13a4                tcp_listen_pcbs
                0x000000003fff13a8                tcp_tmp_pcb
                0x000000003fff13ac                tcp_bound_pcbs
                0x000000003fff13b0                tcp_tw_pcbs
 COMMON         0x000000003fff13b4       0xba ./build/lwip.a(stats.o)
                0x000000003fff13b4                lwip_stats
 *fill*         0x000000003fff146e        0x2 
 COMMON         0x000000003fff1470        0x8 ./build/lwip.a(netif.o)
                0x000000003fff1470                netif_list
                0x000000003fff1474                netif_default
 COMMON         0x000000003fff1478        0x4 ./build/lwip.a(udp.o)
                0x000000003fff1478                udp_pcbs
 COMMON         0x000000003fff147c       0x10 ./build/lwip.a(ip.o)
                0x000000003fff147c                current_iphdr_src
                0x000000003fff1480                current_netif
                0x000000003fff1484                current_iphdr_dest
                0x000000003fff1488                current_header
 COMMON         0x000000003fff148c        0x4 ./build/lwip.a(tcp_in.o)
                0x000000003fff148c                tcp_input_pcb
                0x000000003fff1490                . = ALIGN (0x8)
                0x000000003fff1490                _bss_end = ABSOLUTE (.)
                0x000000003fff1490                _heap_start = ABSOLUTE (.)

.irom0.text     0x0000000040202010    0x35f04
                0x0000000040202010                _irom0_text_start = ABSOLUTE (.)
 *(.literal .text .literal.* .text.* .rodata .rodata.*)
 .text.dump_flash_sector
                0x0000000040202010       0xb0 ./build/core.a(app_main.o)
                                         0xbc (size before relaxing)
 .text.dump_flash_config_sectors
                0x00000000402020c0       0x65 ./build/core.a(app_main.o)
                                         0xa5 (size before relaxing)
 *fill*         0x0000000040202125        0x3 
 .text.sdk_user_init_task
                0x0000000040202128       0xdb ./build/core.a(app_main.o)
                                        0x143 (size before relaxing)
                0x0000000040202150                sdk_user_init_task
 *fill*         0x0000000040202203        0x1 
 .text.sdk_wdt_init
                0x0000000040202204       0x77 ./build/core.a(app_main.o)
                                         0x7b (size before relaxing)
                0x000000004020220c                sdk_wdt_init
 *fill*         0x000000004020227b        0x1 
 .text.user_start_phase2
                0x000000004020227c      0x372 ./build/core.a(app_main.o)
                                        0x442 (size before relaxing)
 *fill*         0x00000000402025ee        0x2 
 .text._find_entry
                0x00000000402025f0      0x11b ./build/core.a(sysparam.o)
                                        0x11f (size before relaxing)
 *fill*         0x000000004020270b        0x1 
 .text._format_region
                0x000000004020270c       0x51 ./build/core.a(sysparam.o)
                                         0x55 (size before relaxing)
 *fill*         0x000000004020275d        0x3 
 .text.sysparam_init
                0x0000000040202760      0x1cc ./build/core.a(sysparam.o)
                                        0x1fc (size before relaxing)
                0x0000000040202770                sysparam_init
 .text.sysparam_create_area
                0x000000004020292c      0x196 ./build/core.a(sysparam.o)
                                        0x1da (size before relaxing)
                0x000000004020292c                sysparam_create_area
 *fill*         0x0000000040202ac2        0x2 
 .text.get_sdk_default_phy_info
                0x0000000040202ac4       0x1c ./build/core.a(phy_info.o)
                                         0x20 (size before relaxing)
                0x0000000040202ac8                get_default_phy_info
                0x0000000040202ac8                get_sdk_default_phy_info
 .text.read_saved_phy_info
                0x0000000040202ae0       0x24 ./build/core.a(phy_info.o)
                                         0x2c (size before relaxing)
                0x0000000040202ae0                read_saved_phy_info
 .text.hwrand   0x0000000040202b04       0x12 ./build/core.a(esp_hwrand.o)
                0x0000000040202b08                hwrand
 *fill*         0x0000000040202b16        0x2 
 .text.dump_excinfo
                0x0000000040202b18       0xf7 ./build/core.a(debug_dumps.o)
                                        0x11b (size before relaxing)
 *fill*         0x0000000040202c0f        0x1 
 .text.post_crash_reset
                0x0000000040202c10       0x30 ./build/core.a(debug_dumps.o)
                                         0x38 (size before relaxing)
 .text.second_fatal_exception_handler_inner
                0x0000000040202c40       0x15 ./build/core.a(debug_dumps.o)
                                         0x2b (size before relaxing)
 *fill*         0x0000000040202c55        0x3 
 .text.dump_stack
                0x0000000040202c58       0x7d ./build/core.a(debug_dumps.o)
                                         0x85 (size before relaxing)
                0x0000000040202c68                dump_stack
 *fill*         0x0000000040202cd5        0x3 
 .text.dump_registers_in_exception_handler
                0x0000000040202cd8       0xac ./build/core.a(debug_dumps.o)
                                         0xc8 (size before relaxing)
                0x0000000040202cec                dump_registers_in_exception_handler
 .text.dump_heapinfo
                0x0000000040202d84       0x80 ./build/core.a(debug_dumps.o)
                                         0x9c (size before relaxing)
                0x0000000040202d98                dump_heapinfo
 .text.standard_fatal_exception_handler_inner
                0x0000000040202e04       0x37 ./build/core.a(debug_dumps.o)
                                         0x58 (size before relaxing)
 *fill*         0x0000000040202e3b        0x1 
 .text.abort_handler_inner
                0x0000000040202e3c       0x26 ./build/core.a(debug_dumps.o)
                                         0x3e (size before relaxing)
 *fill*         0x0000000040202e62        0x2 
 .text.sdk_os_update_cpu_frequency
                0x0000000040202e64        0xb ./build/open_esplibs_libmain.a(misc.o)
                0x0000000040202e68                sdk_os_update_cpu_frequency
                0x0000000040202e68                sdk_ets_update_cpu_frequency
 *fill*         0x0000000040202e6f        0x1 
 .text.sdk_os_delay_us
                0x0000000040202e70       0x33 ./build/open_esplibs_libmain.a(misc.o)
                                         0x3f (size before relaxing)
                0x0000000040202e70                sdk_os_delay_us
                0x0000000040202e70                sdk_ets_delay_us
 *fill*         0x0000000040202ea3        0x1 
 .text.sdk_os_install_putc1
                0x0000000040202ea4        0xb ./build/open_esplibs_libmain.a(misc.o)
                0x0000000040202ea8                sdk_os_install_putc1
 *fill*         0x0000000040202eaf        0x1 
 .text.sdk_gpio_output_set
                0x0000000040202eb0       0x1d ./build/open_esplibs_libmain.a(misc.o)
                0x0000000040202eb4                sdk_gpio_output_set
 *fill*         0x0000000040202ecd        0x3 
 .text.sdk_rtc_get_reset_reason
                0x0000000040202ed0       0x4a ./build/open_esplibs_libmain.a(misc.o)
                0x0000000040202ed8                sdk_rtc_get_reset_reason
 *fill*         0x0000000040202f1a        0x2 
 .text._check_boot_version
                0x0000000040202f1c       0x36 ./build/open_esplibs_libmain.a(user_interface.o)
                                         0x3e (size before relaxing)
 *fill*         0x0000000040202f52        0x2 
 .text.sdk_system_pp_recycle_rx_pkt
                0x0000000040202f54        0xf ./build/open_esplibs_libmain.a(user_interface.o)
                                         0x17 (size before relaxing)
                0x0000000040202f54                sdk_system_pp_recycle_rx_pkt
 *fill*         0x0000000040202f63        0x1 
 .text.sdk_system_restart
                0x0000000040202f64       0x4f ./build/open_esplibs_libmain.a(user_interface.o)
                                         0x7b (size before relaxing)
                0x0000000040202f6c                sdk_system_restart
 *fill*         0x0000000040202fb3        0x1 
 .text.sdk_system_get_boot_version
                0x0000000040202fb4        0xe ./build/open_esplibs_libmain.a(user_interface.o)
                                         0x12 (size before relaxing)
                0x0000000040202fb4                sdk_system_get_boot_version
 *fill*         0x0000000040202fc2        0x2 
 .text.sdk_system_get_test_result
                0x0000000040202fc4       0x22 ./build/open_esplibs_libmain.a(user_interface.o)
                                         0x2e (size before relaxing)
                0x0000000040202fc4                sdk_system_get_test_result
 *fill*         0x0000000040202fe6        0x2 
 .text.sdk_system_upgrade_userbin_check
                0x0000000040202fe8       0x40 ./build/open_esplibs_libmain.a(user_interface.o)
                                         0x44 (size before relaxing)
                0x0000000040202fe8                sdk_system_upgrade_userbin_check
 .text.sdk_system_get_userbin_addr
                0x0000000040203028       0x92 ./build/open_esplibs_libmain.a(user_interface.o)
                                         0x9e (size before relaxing)
                0x0000000040203034                sdk_system_get_userbin_addr
 *fill*         0x00000000402030ba        0x2 
 .text.sdk_system_update_cpu_freq
                0x00000000402030bc       0x5d ./build/open_esplibs_libmain.a(user_interface.o)
                                         0x69 (size before relaxing)
                0x00000000402030bc                sdk_system_update_cpu_freq
 *fill*         0x0000000040203119        0x3 
 .text.sdk_system_get_cpu_freq
                0x000000004020311c       0x1a ./build/open_esplibs_libmain.a(user_interface.o)
                0x0000000040203120                sdk_system_get_cpu_freq
 *fill*         0x0000000040203136        0x2 
 .text.sdk_system_overclock
                0x0000000040203138       0x31 ./build/open_esplibs_libmain.a(user_interface.o)
                                         0x3d (size before relaxing)
                0x000000004020313c                sdk_system_overclock
 *fill*         0x0000000040203169        0x3 
 .text.sdk_system_restoreclock
                0x000000004020316c       0x33 ./build/open_esplibs_libmain.a(user_interface.o)
                                         0x43 (size before relaxing)
                0x000000004020316c                sdk_system_restoreclock
 *fill*         0x000000004020319f        0x1 
 .text.sdk_system_station_got_ip_set
                0x00000000402031a0       0x8d ./build/open_esplibs_libmain.a(user_interface.o)
                                         0xa9 (size before relaxing)
                0x00000000402031a8                sdk_system_station_got_ip_set
 *fill*         0x000000004020322d        0x3 
 .text.sdk_os_timer_setfn
                0x0000000040203230       0xac ./build/open_esplibs_libmain.a(timers.o)
                                         0xb8 (size before relaxing)
                0x0000000040203240                sdk_os_timer_setfn
 .text.sdk_os_timer_arm
                0x00000000402032dc       0xa4 ./build/open_esplibs_libmain.a(timers.o)
                                         0xd0 (size before relaxing)
                0x00000000402032e0                sdk_os_timer_arm
 .text.sdk_os_timer_disarm
                0x0000000040203380       0x27 ./build/open_esplibs_libmain.a(timers.o)
                                         0x37 (size before relaxing)
                0x0000000040203384                sdk_os_timer_disarm
 *fill*         0x00000000402033a7        0x1 
 .literal       0x00000000402033a8        0x8 /home/klas/Workspace/Embedded/esp-open-sdk/esp-open-sdk/xtensa-lx106-elf/lib/gcc/xtensa-lx106-elf/4.8.5/libgcc.a(_divsf3.o)
                                         0x10 (size before relaxing)
 .literal       0x00000000402033b0        0xc /home/klas/Workspace/Embedded/esp-open-sdk/esp-open-sdk/xtensa-lx106-elf/lib/gcc/xtensa-lx106-elf/4.8.5/libgcc.a(_muldf3.o)
                                         0x10 (size before relaxing)
 .literal       0x00000000402033bc        0x4 /home/klas/Workspace/Embedded/esp-open-sdk/esp-open-sdk/xtensa-lx106-elf/lib/gcc/xtensa-lx106-elf/4.8.5/libgcc.a(_extendsfdf2.o)
                                          0x8 (size before relaxing)
 .literal       0x00000000402033c0        0xc ../../libc/xtensa-lx106-elf/lib/libc.a(lib_a-mstats.o)
                                         0x2c (size before relaxing)
 .literal       0x00000000402033cc       0x18 ../../libc/xtensa-lx106-elf/lib/libc.a(lib_a-nano-mallinfor.o)
                                         0x1c (size before relaxing)
 .literal       0x00000000402033e4        0xc ../../libc/xtensa-lx106-elf/lib/libc.a(lib_a-nano-mallstatsr.o)
                                         0x24 (size before relaxing)
 .literal       0x00000000402033f0       0x24 ../../libc/xtensa-lx106-elf/lib/libc.a(lib_a-nano-vfprintf_float.o)
                                         0x5c (size before relaxing)
 .literal       0x0000000040203414        0x8 ../../libc/xtensa-lx106-elf/lib/libc.a(lib_a-nano-vfprintf_i.o)
                                         0x14 (size before relaxing)
 .literal       0x000000004020341c        0x8 ../../libc/xtensa-lx106-elf/lib/libc.a(lib_a-nano-vfscanf_float.o)
                                         0x1c (size before relaxing)
 .literal       0x0000000040203424        0x0 ../../libc/xtensa-lx106-elf/lib/libc.a(lib_a-putchar.o)
                                         0x14 (size before relaxing)
 .literal       0x0000000040203424       0x14 ../../libc/xtensa-lx106-elf/lib/libc.a(lib_a-putc.o)
                                         0x20 (size before relaxing)
 .literal       0x0000000040203438        0xc ../../libc/xtensa-lx106-elf/lib/libc.a(lib_a-puts.o)
                                         0x24 (size before relaxing)
 .literal       0x0000000040203444        0x0 ../../libc/xtensa-lx106-elf/lib/libc.a(lib_a-setbuf.o)
                                          0x4 (size before relaxing)
 .literal       0x0000000040203444        0x8 ../../libc/xtensa-lx106-elf/lib/libc.a(lib_a-setvbuf.o)
                                         0x30 (size before relaxing)
 .literal       0x000000004020344c        0x4 ../../libc/xtensa-lx106-elf/lib/libc.a(lib_a-sf_nan.o)
 .literal       0x0000000040203450       0x14 ../../libc/xtensa-lx106-elf/lib/libc.a(lib_a-s_fpclassify.o)
                                         0x18 (size before relaxing)
 .literal       0x0000000040203464       0x18 ../../libc/xtensa-lx106-elf/lib/libc.a(lib_a-strcmp.o)
                                         0x20 (size before relaxing)
 .literal       0x000000004020347c        0x0 ../../libc/xtensa-lx106-elf/lib/libc.a(lib_a-strlen.o)
                                          0xc (size before relaxing)
 .literal       0x000000004020347c       0x84 ../../libc/xtensa-lx106-elf/lib/libc.a(lib_a-strtod.o)
                                        0x1f8 (size before relaxing)
 .literal.unlikely
                0x0000000040203500        0x0 ../../libc/xtensa-lx106-elf/lib/libc.a(lib_a-strtod.o)
                                          0xc (size before relaxing)
 .literal       0x0000000040203500        0x4 ../../libc/xtensa-lx106-elf/lib/libc.a(lib_a-strtol.o)
                                         0x18 (size before relaxing)
 .literal       0x0000000040203504        0x0 ../../libc/xtensa-lx106-elf/lib/libc.a(lib_a-syssbrk.o)
                                          0x8 (size before relaxing)
 .literal       0x0000000040203504        0x0 ../../libc/xtensa-lx106-elf/lib/libc.a(lib_a-wbuf.o)
                                         0x28 (size before relaxing)
 .literal       0x0000000040203504        0x0 ../../libc/xtensa-lx106-elf/lib/libc.a(lib_a-wsetup.o)
                                         0x1c (size before relaxing)
 .literal       0x0000000040203504       0x44 ../../libc/xtensa-lx106-elf/lib/libc.a(lib_a-dtoa.o)
                                        0x214 (size before relaxing)
 .literal       0x0000000040203548       0x10 ../../libc/xtensa-lx106-elf/lib/libc.a(lib_a-fflush.o)
                                         0x38 (size before relaxing)
 .literal       0x0000000040203558        0xc ../../libc/xtensa-lx106-elf/lib/libc.a(lib_a-fvwrite.o)
                                         0x40 (size before relaxing)
 .literal       0x0000000040203564        0x0 ../../libc/xtensa-lx106-elf/lib/libc.a(lib_a-gdtoa-gethex.o)
                                         0x48 (size before relaxing)
 .literal       0x0000000040203564        0x0 ../../libc/xtensa-lx106-elf/lib/libc.a(lib_a-gdtoa-hexnan.o)
                                          0x4 (size before relaxing)
 .literal       0x0000000040203564       0x1c ../../libc/xtensa-lx106-elf/lib/libc.a(lib_a-locale.o)
                                         0x30 (size before relaxing)
 .literal       0x0000000040203580        0xc ../../libc/xtensa-lx106-elf/lib/libc.a(lib_a-makebuf.o)
                                         0x20 (size before relaxing)
 .literal       0x000000004020358c       0x18 ../../libc/xtensa-lx106-elf/lib/libc.a(lib_a-mprec.o)
                                         0x74 (size before relaxing)
 .literal       0x00000000402035a4        0x0 ../../libc/xtensa-lx106-elf/lib/libc.a(lib_a-nano-callocr.o)
                                          0x8 (size before relaxing)
 .literal       0x00000000402035a4        0x0 ../../libc/xtensa-lx106-elf/lib/libc.a(lib_a-nano-reallocr.o)
                                         0x18 (size before relaxing)
 .literal       0x00000000402035a4        0x4 ../../libc/xtensa-lx106-elf/lib/libc.a(lib_a-stdio.o)
                                         0x24 (size before relaxing)
 .literal       0x00000000402035a8        0x0 ../../libc/xtensa-lx106-elf/lib/libc.a(isatty.o)
                                          0x8 (size before relaxing)
 .literal       0x00000000402035a8        0xc ../../libc/xtensa-lx106-elf/lib/libc.a(lib_a-fclose.o)
                                         0x3c (size before relaxing)
 .literal       0x00000000402035b4        0x4 ../../libc/xtensa-lx106-elf/lib/libc.a(lib_a-wcrtomb.o)
                                         0x10 (size before relaxing)
 .literal       0x00000000402035b8        0x0 ../../libc/xtensa-lx106-elf/lib/libc.a(lib_a-wctomb_r.o)
                                          0x8 (size before relaxing)
 .literal       0x00000000402035b8        0x0 /home/klas/Workspace/Embedded/esp-open-sdk/esp-open-sdk/xtensa-lx106-elf/lib/gcc/xtensa-lx106-elf/4.8.5/libgcc.a(_addsubsf3.o)
                                          0xc (size before relaxing)
 .literal       0x00000000402035b8        0x0 /home/klas/Workspace/Embedded/esp-open-sdk/esp-open-sdk/xtensa-lx106-elf/lib/gcc/xtensa-lx106-elf/4.8.5/libgcc.a(_mulsf3.o)
                                         0x10 (size before relaxing)
 .literal       0x00000000402035b8        0x0 /home/klas/Workspace/Embedded/esp-open-sdk/esp-open-sdk/xtensa-lx106-elf/lib/gcc/xtensa-lx106-elf/4.8.5/libgcc.a(_cmpsf2.o)
                                         0x18 (size before relaxing)
 .literal       0x00000000402035b8        0x0 /home/klas/Workspace/Embedded/esp-open-sdk/esp-open-sdk/xtensa-lx106-elf/lib/gcc/xtensa-lx106-elf/4.8.5/libgcc.a(_fixsfsi.o)
                                          0x4 (size before relaxing)
 .literal       0x00000000402035b8        0x0 /home/klas/Workspace/Embedded/esp-open-sdk/esp-open-sdk/xtensa-lx106-elf/lib/gcc/xtensa-lx106-elf/4.8.5/libgcc.a(_fixunssfsi.o)
                                          0x4 (size before relaxing)
 .literal       0x00000000402035b8        0x0 /home/klas/Workspace/Embedded/esp-open-sdk/esp-open-sdk/xtensa-lx106-elf/lib/gcc/xtensa-lx106-elf/4.8.5/libgcc.a(_addsubdf3.o)
                                          0xc (size before relaxing)
 .literal       0x00000000402035b8        0x0 /home/klas/Workspace/Embedded/esp-open-sdk/esp-open-sdk/xtensa-lx106-elf/lib/gcc/xtensa-lx106-elf/4.8.5/libgcc.a(_divdf3.o)
                                         0x10 (size before relaxing)
 .literal       0x00000000402035b8        0x0 /home/klas/Workspace/Embedded/esp-open-sdk/esp-open-sdk/xtensa-lx106-elf/lib/gcc/xtensa-lx106-elf/4.8.5/libgcc.a(_cmpdf2.o)
                                         0x18 (size before relaxing)
 .literal       0x00000000402035b8        0x0 /home/klas/Workspace/Embedded/esp-open-sdk/esp-open-sdk/xtensa-lx106-elf/lib/gcc/xtensa-lx106-elf/4.8.5/libgcc.a(_fixdfsi.o)
                                          0x4 (size before relaxing)
 .literal       0x00000000402035b8        0x0 /home/klas/Workspace/Embedded/esp-open-sdk/esp-open-sdk/xtensa-lx106-elf/lib/gcc/xtensa-lx106-elf/4.8.5/libgcc.a(_fixunsdfsi.o)
                                          0x4 (size before relaxing)
 .literal       0x00000000402035b8        0x0 /home/klas/Workspace/Embedded/esp-open-sdk/esp-open-sdk/xtensa-lx106-elf/lib/gcc/xtensa-lx106-elf/4.8.5/libgcc.a(_truncdfsf2.o)
                                          0x8 (size before relaxing)
 .literal       0x00000000402035b8        0x4 /home/klas/Workspace/Embedded/esp-open-sdk/esp-open-sdk/xtensa-lx106-elf/lib/gcc/xtensa-lx106-elf/4.8.5/libgcc.a(_popcountsi2.o)
 .literal       0x00000000402035bc        0x0 ../../libc/xtensa-lx106-elf/lib/libc.a(lib_a-atoi.o)
                                          0x8 (size before relaxing)
 .literal       0x00000000402035bc        0x0 ../../libc/xtensa-lx106-elf/lib/libc.a(lib_a-calloc.o)
                                          0x8 (size before relaxing)
 .literal       0x00000000402035bc        0x0 ../../libc/xtensa-lx106-elf/lib/libc.a(lib_a-errno.o)
                                          0x4 (size before relaxing)
 .literal       0x00000000402035bc        0x0 ../../libc/xtensa-lx106-elf/lib/libc.a(lib_a-strncpy.o)
                                          0xc (size before relaxing)
 .literal       0x00000000402035bc        0x0 ../../libc/xtensa-lx106-elf/lib/libc.a(lib_a-strrchr.o)
                                          0x8 (size before relaxing)
 .text          0x00000000402035bc      0x135 /home/klas/Workspace/Embedded/esp-open-sdk/esp-open-sdk/xtensa-lx106-elf/lib/gcc/xtensa-lx106-elf/4.8.5/libgcc.a(_divsf3.o)
                0x0000000040203638                __divsf3
 *fill*         0x00000000402036f1        0x3 
 .text          0x00000000402036f4      0x29b /home/klas/Workspace/Embedded/esp-open-sdk/esp-open-sdk/xtensa-lx106-elf/lib/gcc/xtensa-lx106-elf/4.8.5/libgcc.a(_muldf3.o)
                0x00000000402037d4                __muldf3
 *fill*         0x000000004020398f        0x1 
 .text          0x0000000040203990       0x5e /home/klas/Workspace/Embedded/esp-open-sdk/esp-open-sdk/xtensa-lx106-elf/lib/gcc/xtensa-lx106-elf/4.8.5/libgcc.a(_extendsfdf2.o)
                0x0000000040203990                __extendsfdf2
 *fill*         0x00000000402039ee        0x2 
 .text          0x00000000402039f0       0xab ../../libc/xtensa-lx106-elf/lib/libc.a(lib_a-mstats.o)
                0x00000000402039f0                mallinfo
                0x0000000040203a10                malloc_stats
                0x0000000040203a28                mallopt
                0x0000000040203a48                _mstats_r
                0x0000000040203a84                mstats
 *fill*         0x0000000040203a9b        0x1 
 .text          0x0000000040203a9c       0x7f ../../libc/xtensa-lx106-elf/lib/libc.a(lib_a-nano-mallinfor.o)
                0x0000000040203a9c                _mallinfo_r
 *fill*         0x0000000040203b1b        0x1 
 .text          0x0000000040203b1c       0x4f ../../libc/xtensa-lx106-elf/lib/libc.a(lib_a-nano-mallstatsr.o)
                                         0x53 (size before relaxing)
                0x0000000040203b1c                _malloc_stats_r
 *fill*         0x0000000040203b6b        0x1 
 .text          0x0000000040203b6c      0x694 ../../libc/xtensa-lx106-elf/lib/libc.a(lib_a-nano-vfprintf_float.o)
                                        0x6b0 (size before relaxing)
                0x0000000040203b6c                __cvt
                0x0000000040203c68                __exponent
                0x0000000040203d04                _printf_float
 .text          0x0000000040204200      0x4bb ../../libc/xtensa-lx106-elf/lib/libc.a(lib_a-nano-vfprintf_i.o)
                                        0x4bf (size before relaxing)
                0x0000000040204200                _printf_common
                0x0000000040204308                _printf_i
 *fill*         0x00000000402046bb        0x1 
 .text          0x00000000402046bc      0x4c0 ../../libc/xtensa-lx106-elf/lib/libc.a(lib_a-nano-vfscanf_float.o)
                                        0x4c4 (size before relaxing)
                0x00000000402046bc                _scanf_float
 .text          0x0000000040204b7c       0x65 ../../libc/xtensa-lx106-elf/lib/libc.a(lib_a-putchar.o)
                0x0000000040204b7c                _putchar_r
                0x0000000040204bac                putchar
 *fill*         0x0000000040204be1        0x3 
 .text          0x0000000040204be4       0xd7 ../../libc/xtensa-lx106-elf/lib/libc.a(lib_a-putc.o)
                0x0000000040204be4                _putc_r
                0x0000000040204ca0                putc
 *fill*         0x0000000040204cbb        0x1 
 .text          0x0000000040204cbc       0xbf ../../libc/xtensa-lx106-elf/lib/libc.a(lib_a-puts.o)
                0x0000000040204cbc                _puts_r
                0x0000000040204d64                puts
 *fill*         0x0000000040204d7b        0x1 
 .text          0x0000000040204d7c       0x1c ../../libc/xtensa-lx106-elf/lib/libc.a(lib_a-setbuf.o)
                0x0000000040204d7c                setbuf
 .text          0x0000000040204d98      0x175 ../../libc/xtensa-lx106-elf/lib/libc.a(lib_a-setvbuf.o)
                                        0x179 (size before relaxing)
                0x0000000040204d98                setvbuf
 *fill*         0x0000000040204f0d        0x3 
 .text          0x0000000040204f10        0x5 ../../libc/xtensa-lx106-elf/lib/libc.a(lib_a-sf_nan.o)
                0x0000000040204f10                nanf
 *fill*         0x0000000040204f15        0x3 
 .text          0x0000000040204f18       0x4c ../../libc/xtensa-lx106-elf/lib/libc.a(lib_a-s_fpclassify.o)
                0x0000000040204f18                __fpclassifyd
 .text          0x0000000040204f64       0xff ../../libc/xtensa-lx106-elf/lib/libc.a(lib_a-strcmp.o)
                0x0000000040204f64                strcmp
 *fill*         0x0000000040205063        0x1 
 .text          0x0000000040205064       0x5b ../../libc/xtensa-lx106-elf/lib/libc.a(lib_a-strlen.o)
                0x0000000040205064                strlen
 *fill*         0x00000000402050bf        0x1 
 .text          0x00000000402050c0      0xda7 ../../libc/xtensa-lx106-elf/lib/libc.a(lib_a-strtod.o)
                                        0xe6f (size before relaxing)
                0x00000000402050f0                _strtod_r
                0x0000000040205e0c                strtod
                0x0000000040205e28                strtof
 *fill*         0x0000000040205e67        0x1 
 .text.unlikely
                0x0000000040205e68       0x3d ../../libc/xtensa-lx106-elf/lib/libc.a(lib_a-strtod.o)
                                         0x41 (size before relaxing)
 *fill*         0x0000000040205ea5        0x3 
 .text          0x0000000040205ea8      0x15f ../../libc/xtensa-lx106-elf/lib/libc.a(lib_a-strtol.o)
                0x0000000040205ea8                _strtol_r
                0x0000000040205fe8                strtol
 *fill*         0x0000000040206007        0x1 
 .text          0x0000000040206008       0x19 ../../libc/xtensa-lx106-elf/lib/libc.a(lib_a-syssbrk.o)
                0x0000000040206008                sbrk
 *fill*         0x0000000040206021        0x3 
 .text          0x0000000040206024       0xf7 ../../libc/xtensa-lx106-elf/lib/libc.a(lib_a-wbuf.o)
                                         0xff (size before relaxing)
                0x0000000040206024                __swbuf_r
                0x0000000040206100                __swbuf
 *fill*         0x000000004020611b        0x1 
 .text          0x000000004020611c       0xef ../../libc/xtensa-lx106-elf/lib/libc.a(lib_a-wsetup.o)
                0x000000004020611c                __swsetup_r
 *fill*         0x000000004020620b        0x1 
 .text          0x000000004020620c      0xd66 ../../libc/xtensa-lx106-elf/lib/libc.a(lib_a-dtoa.o)
                                        0xe7a (size before relaxing)
                0x000000004020634c                _dtoa_r
 *fill*         0x0000000040206f72        0x2 
 .text          0x0000000040206f74      0x213 ../../libc/xtensa-lx106-elf/lib/libc.a(lib_a-fflush.o)
                                        0x217 (size before relaxing)
                0x0000000040206f74                __sflush_r
                0x00000000402070d4                _fflush_r
                0x0000000040207160                fflush
 *fill*         0x0000000040207187        0x1 
 .text          0x0000000040207188      0x32c ../../libc/xtensa-lx106-elf/lib/libc.a(lib_a-fvwrite.o)
                                        0x334 (size before relaxing)
                0x0000000040207188                __sfvwrite_r
 .text          0x00000000402074b4      0x558 ../../libc/xtensa-lx106-elf/lib/libc.a(lib_a-gdtoa-gethex.o)
                                        0x570 (size before relaxing)
                0x0000000040207528                __hexdig_fun
                0x0000000040207560                __gethex
 .text          0x0000000040207a0c      0x165 ../../libc/xtensa-lx106-elf/lib/libc.a(lib_a-gdtoa-hexnan.o)
                0x0000000040207a38                __hexnan
 *fill*         0x0000000040207b71        0x3 
 .text          0x0000000040207b74       0x8d ../../libc/xtensa-lx106-elf/lib/libc.a(lib_a-locale.o)
                                         0x95 (size before relaxing)
                0x0000000040207b74                _setlocale_r
                0x0000000040207bbc                __locale_charset
                0x0000000040207bc4                __locale_mb_cur_max
                0x0000000040207bcc                __locale_msgcharset
                0x0000000040207bd4                __locale_cjk_lang
                0x0000000040207bd8                _localeconv_r
                0x0000000040207be0                setlocale
                0x0000000040207bfc                localeconv
 *fill*         0x0000000040207c01        0x3 
 .text          0x0000000040207c04      0x104 ../../libc/xtensa-lx106-elf/lib/libc.a(lib_a-makebuf.o)
                                        0x108 (size before relaxing)
                0x0000000040207c04                __smakebuf_r
 .text          0x0000000040207d08      0x966 ../../libc/xtensa-lx106-elf/lib/libc.a(lib_a-mprec.o)
                                        0x96e (size before relaxing)
                0x0000000040207d08                _Balloc
                0x0000000040207d94                _Bfree
                0x0000000040207ddc                __multadd
                0x0000000040207e6c                __s2b
                0x0000000040207f08                __hi0bits
                0x0000000040207f50                __lo0bits
                0x0000000040207fb8                __i2b
                0x0000000040207fd8                __multiply
                0x00000000402080fc                __pow5mult
                0x00000000402081b8                __lshift
                0x0000000040208278                __mcmp
                0x00000000402082b0                __mdiff
                0x0000000040208390                __ulp
                0x00000000402083d4                __b2d
                0x0000000040208494                __d2b
                0x0000000040208558                __ratio
                0x00000000402085bc                _mprec_log10
                0x00000000402085f4                __copybits
                0x0000000040208624                __any_on
 *fill*         0x000000004020866e        0x2 
 .text          0x0000000040208670       0x2f ../../libc/xtensa-lx106-elf/lib/libc.a(lib_a-nano-callocr.o)
                0x0000000040208670                _calloc_r
 *fill*         0x000000004020869f        0x1 
 .text          0x00000000402086a0       0x73 ../../libc/xtensa-lx106-elf/lib/libc.a(lib_a-nano-reallocr.o)
                0x00000000402086a0                _realloc_r
 *fill*         0x0000000040208713        0x1 
 .text          0x0000000040208714       0xe1 ../../libc/xtensa-lx106-elf/lib/libc.a(lib_a-stdio.o)
                                         0xed (size before relaxing)
                0x0000000040208714                __sread
                0x000000004020874c                __seofread
                0x0000000040208750                __swrite
                0x00000000402087a4                __sseek
                0x00000000402087e0                __sclose
 *fill*         0x00000000402087f5        0x3 
 .text          0x00000000402087f8       0x30 ../../libc/xtensa-lx106-elf/lib/libc.a(isatty.o)
                0x00000000402087f8                _isatty_r
 .text          0x0000000040208828      0x10b ../../libc/xtensa-lx106-elf/lib/libc.a(lib_a-fclose.o)
                                        0x10f (size before relaxing)
                0x0000000040208828                _fclose_r
                0x000000004020891c                fclose
 *fill*         0x0000000040208933        0x1 
 .text          0x0000000040208934       0x7d ../../libc/xtensa-lx106-elf/lib/libc.a(lib_a-wcrtomb.o)
                0x0000000040208934                _wcrtomb_r
                0x0000000040208994                wcrtomb
 *fill*         0x00000000402089b1        0x3 
 .text          0x00000000402089b4       0x5d ../../libc/xtensa-lx106-elf/lib/libc.a(lib_a-wctomb_r.o)
                0x00000000402089b4                __ascii_wctomb
                0x00000000402089d4                _wctomb_r
 *fill*         0x0000000040208a11        0x3 
 .text.user_init
                0x0000000040208a14       0xe7 ./build/program.a(main.o)
                                        0x127 (size before relaxing)
                0x0000000040208a40                user_init
 *fill*         0x0000000040208afb        0x1 
 .text.wifi_task
                0x0000000040208afc      0x14f ./build/program.a(wifi.o)
                                        0x1bb (size before relaxing)
                0x0000000040208b28                wifi_task
 *fill*         0x0000000040208c4b        0x1 
 .text.mqtt_topic_received
                0x0000000040208c4c       0xb3 ./build/program.a(mqtt.o)
                                         0xd7 (size before relaxing)
                0x0000000040208c58                mqtt_topic_received
 *fill*         0x0000000040208cff        0x1 
 .text.mqtt_get_my_id
                0x0000000040208d00       0x7f ./build/program.a(mqtt.o)
                                         0x83 (size before relaxing)
                0x0000000040208d10                mqtt_get_my_id
 *fill*         0x0000000040208d7f        0x1 
 .text.mqtt_task
                0x0000000040208d80      0x25f ./build/program.a(mqtt.o)
                                        0x303 (size before relaxing)
                0x0000000040208dcc                mqtt_task
 *fill*         0x0000000040208fdf        0x1 
 .text.rgbw_pwm_set_duty
                0x0000000040208fe0       0x3c ./build/program.a(rgbw.o)
                                         0x40 (size before relaxing)
 .text.rgbw_calc_pwm
                0x000000004020901c      0x2a1 ./build/program.a(rgbw.o)
                                        0x42d (size before relaxing)